../Core/Src/main.c:139:12:boton_sin_pulsar	0	static
../Core/Src/main.c:152:12:LED_azul_empieza	0	static
../Core/Src/main.c:161:12:LED_azul_parpadeo	0	static
../Core/Src/main.c:179:12:Sistema_Activo	0	static
../Core/Src/main.c:188:12:empieza_muestras	0	static
../Core/Src/main.c:197:12:muestras_cumplidas	0	static
../Core/Src/main.c:206:12:Sistema_No_Activo	0	static
../Core/Src/main.c:226:13:funcion_LED_azul_empieza	0	static
../Core/Src/main.c:283:13:funcion_calculo	0	static
../Core/Src/main.c:292:12:esta_parado	0	static
../Core/Src/main.c:306:12:esta_andando	0	static
../Core/Src/main.c:318:12:esta_aviso	0	static
../Core/Src/main.c:330:13:funcion_sistemaoff	8	static
../Core/Src/main.c:351:13:funcion_aviso	8	static
../Core/Src/main.c:346:13:funcion_andando	8	static
../Core/Src/main.c:356:13:funcion_parado	8	static
../Core/Src/main.c:336:13:funcion_terminar	8	static
../Core/Src/main.c:257:13:funcion_comparar_calculo	24	static
../Core/Src/main.c:251:13:funcion_muestreo	0	static
../Core/Src/main.c:218:13:funcion_LED_azul	8	static
../Core/Src/main.c:239:13:funcion_LED_azul_apagado	8	static
../Core/Src/main.c:233:13:funcion_LED_azul_encendido	0	static
../Core/Src/main.c:170:12:LED_azul_termina	0	static
../Core/Src/main.c:130:12:boton_pulsado	0	static
../Core/Src/main.c:461:6:SystemClock_Config	88	static,ignoring_inline_asm
../Core/Src/main.c:506:6:PeriphCommonClock_Config	32	static,ignoring_inline_asm
../Core/Src/main.c:398:5:main	16	static
../Core/Src/main.c:523:6:HAL_TIM_PeriodElapsedCallback	0	static
../Core/Src/main.c:538:6:HAL_GPIO_EXTI_Callback	0	static
../Core/Src/main.c:551:6:Error_Handler	0	static,ignoring_inline_asm
