Archive member included to satisfy reference by file (symbol)

/Applications/STM32CubeIDE.app/Contents/Eclipse/plugins/com.st.stm32cube.ide.mcu.externaltools.gnu-tools-for-stm32.11.3.rel1.macos64_1.1.1.202309131626/tools/bin/../lib/gcc/arm-none-eabi/11.3.1/../../../../arm-none-eabi/lib/thumb/v7e-m+fp/hard/libc_nano.a(libc_a-exit.o)
                              /Applications/STM32CubeIDE.app/Contents/Eclipse/plugins/com.st.stm32cube.ide.mcu.externaltools.gnu-tools-for-stm32.11.3.rel1.macos64_1.1.1.202309131626/tools/bin/../lib/gcc/arm-none-eabi/11.3.1/../../../../arm-none-eabi/lib/thumb/v7e-m+fp/hard/crt0.o (exit)
/Applications/STM32CubeIDE.app/Contents/Eclipse/plugins/com.st.stm32cube.ide.mcu.externaltools.gnu-tools-for-stm32.11.3.rel1.macos64_1.1.1.202309131626/tools/bin/../lib/gcc/arm-none-eabi/11.3.1/../../../../arm-none-eabi/lib/thumb/v7e-m+fp/hard/libc_nano.a(libc_a-malloc.o)
                              ./Core/Src/fsm.o (malloc)
/Applications/STM32CubeIDE.app/Contents/Eclipse/plugins/com.st.stm32cube.ide.mcu.externaltools.gnu-tools-for-stm32.11.3.rel1.macos64_1.1.1.202309131626/tools/bin/../lib/gcc/arm-none-eabi/11.3.1/../../../../arm-none-eabi/lib/thumb/v7e-m+fp/hard/libc_nano.a(libc_a-mallocr.o)
                              /Applications/STM32CubeIDE.app/Contents/Eclipse/plugins/com.st.stm32cube.ide.mcu.externaltools.gnu-tools-for-stm32.11.3.rel1.macos64_1.1.1.202309131626/tools/bin/../lib/gcc/arm-none-eabi/11.3.1/../../../../arm-none-eabi/lib/thumb/v7e-m+fp/hard/libc_nano.a(libc_a-malloc.o) (_malloc_r)
/Applications/STM32CubeIDE.app/Contents/Eclipse/plugins/com.st.stm32cube.ide.mcu.externaltools.gnu-tools-for-stm32.11.3.rel1.macos64_1.1.1.202309131626/tools/bin/../lib/gcc/arm-none-eabi/11.3.1/../../../../arm-none-eabi/lib/thumb/v7e-m+fp/hard/libc_nano.a(libc_a-mlock.o)
                              /Applications/STM32CubeIDE.app/Contents/Eclipse/plugins/com.st.stm32cube.ide.mcu.externaltools.gnu-tools-for-stm32.11.3.rel1.macos64_1.1.1.202309131626/tools/bin/../lib/gcc/arm-none-eabi/11.3.1/../../../../arm-none-eabi/lib/thumb/v7e-m+fp/hard/libc_nano.a(libc_a-mallocr.o) (__malloc_lock)
/Applications/STM32CubeIDE.app/Contents/Eclipse/plugins/com.st.stm32cube.ide.mcu.externaltools.gnu-tools-for-stm32.11.3.rel1.macos64_1.1.1.202309131626/tools/bin/../lib/gcc/arm-none-eabi/11.3.1/../../../../arm-none-eabi/lib/thumb/v7e-m+fp/hard/libc_nano.a(libc_a-findfp.o)
                              /Applications/STM32CubeIDE.app/Contents/Eclipse/plugins/com.st.stm32cube.ide.mcu.externaltools.gnu-tools-for-stm32.11.3.rel1.macos64_1.1.1.202309131626/tools/bin/../lib/gcc/arm-none-eabi/11.3.1/../../../../arm-none-eabi/lib/thumb/v7e-m+fp/hard/libc_nano.a(libc_a-exit.o) (__stdio_exit_handler)
/Applications/STM32CubeIDE.app/Contents/Eclipse/plugins/com.st.stm32cube.ide.mcu.externaltools.gnu-tools-for-stm32.11.3.rel1.macos64_1.1.1.202309131626/tools/bin/../lib/gcc/arm-none-eabi/11.3.1/../../../../arm-none-eabi/lib/thumb/v7e-m+fp/hard/libc_nano.a(libc_a-fwalk.o)
                              /Applications/STM32CubeIDE.app/Contents/Eclipse/plugins/com.st.stm32cube.ide.mcu.externaltools.gnu-tools-for-stm32.11.3.rel1.macos64_1.1.1.202309131626/tools/bin/../lib/gcc/arm-none-eabi/11.3.1/../../../../arm-none-eabi/lib/thumb/v7e-m+fp/hard/libc_nano.a(libc_a-findfp.o) (_fwalk_sglue)
/Applications/STM32CubeIDE.app/Contents/Eclipse/plugins/com.st.stm32cube.ide.mcu.externaltools.gnu-tools-for-stm32.11.3.rel1.macos64_1.1.1.202309131626/tools/bin/../lib/gcc/arm-none-eabi/11.3.1/../../../../arm-none-eabi/lib/thumb/v7e-m+fp/hard/libc_nano.a(libc_a-memset.o)
                              /Applications/STM32CubeIDE.app/Contents/Eclipse/plugins/com.st.stm32cube.ide.mcu.externaltools.gnu-tools-for-stm32.11.3.rel1.macos64_1.1.1.202309131626/tools/bin/../lib/gcc/arm-none-eabi/11.3.1/../../../../arm-none-eabi/lib/thumb/v7e-m+fp/hard/crt0.o (memset)
/Applications/STM32CubeIDE.app/Contents/Eclipse/plugins/com.st.stm32cube.ide.mcu.externaltools.gnu-tools-for-stm32.11.3.rel1.macos64_1.1.1.202309131626/tools/bin/../lib/gcc/arm-none-eabi/11.3.1/../../../../arm-none-eabi/lib/thumb/v7e-m+fp/hard/libc_nano.a(libc_a-impure.o)
                              /Applications/STM32CubeIDE.app/Contents/Eclipse/plugins/com.st.stm32cube.ide.mcu.externaltools.gnu-tools-for-stm32.11.3.rel1.macos64_1.1.1.202309131626/tools/bin/../lib/gcc/arm-none-eabi/11.3.1/../../../../arm-none-eabi/lib/thumb/v7e-m+fp/hard/libc_nano.a(libc_a-malloc.o) (_impure_ptr)
/Applications/STM32CubeIDE.app/Contents/Eclipse/plugins/com.st.stm32cube.ide.mcu.externaltools.gnu-tools-for-stm32.11.3.rel1.macos64_1.1.1.202309131626/tools/bin/../lib/gcc/arm-none-eabi/11.3.1/../../../../arm-none-eabi/lib/thumb/v7e-m+fp/hard/libc_nano.a(libc_a-sbrkr.o)
[...]
Memory Configuration

Name             Origin             Length             Attributes
RAM              0x0000000020000000 0x0000000000020000 xrw
FLASH            0x0000000008000000 0x0000000000080000 xr
*default*        0x0000000000000000 0xffffffffffffffff

Linker script and memory map

LOAD /Applications/STM32CubeIDE.app/Contents/Eclipse/plugins/com.st.stm32cube.ide.mcu.externaltools.gnu-tools-for-stm32.11.3.rel1.macos64_1.1.1.202309131626/tools/bin/../lib/gcc/arm-none-eabi/11.3.1/thumb/v7e-m+fp/hard/crti.o
LOAD /Applications/STM32CubeIDE.app/Contents/Eclipse/plugins/com.st.stm32cube.ide.mcu.externaltools.gnu-tools-for-stm32.11.3.rel1.macos64_1.1.1.202309131626/tools/bin/../lib/gcc/arm-none-eabi/11.3.1/thumb/v7e-m+fp/hard/crtbegin.o
LOAD /Applications/STM32CubeIDE.app/Contents/Eclipse/plugins/com.st.stm32cube.ide.mcu.externaltools.gnu-tools-for-stm32.11.3.rel1.macos64_1.1.1.202309131626/tools/bin/../lib/gcc/arm-none-eabi/11.3.1/../../../../arm-none-eabi/lib/thumb/v7e-m+fp/hard/crt0.o
LOAD ./Components/cs43l22/cs43l22.o
LOAD ./Components/dp83848/dp83848.o
LOAD ./Components/exc7200/exc7200.o
LOAD ./Components/ft3x67/ft3x67.o
LOAD ./Components/ft6x06/ft6x06.o
LOAD ./Components/i3g4250d/i3g4250d.o
LOAD ./Components/ili9325/ili9325.o
LOAD ./Components/ili9341/ili9341.o
LOAD ./Components/l3gd20/l3gd20.o
LOAD ./Components/lan8742/lan8742.o
LOAD ./Components/lis302dl/lis302dl.o
LOAD ./Components/lis3dsh/lis3dsh.o
LOAD ./Components/ls016b8uy/ls016b8uy.o
LOAD ./Components/lsm303agr/lsm303agr.o
LOAD ./Components/lsm303dlhc/lsm303dlhc.o
LOAD ./Components/mfxstm32l152/mfxstm32l152.o
LOAD ./Components/nt35510/nt35510.o
LOAD ./Components/otm8009a/otm8009a.o
LOAD ./Components/ov2640/ov2640.o
LOAD ./Components/ov5640/ov5640.o
LOAD ./Components/s5k5cag/s5k5cag.o
LOAD ./Components/st7735/st7735.o
LOAD ./Components/st7789h2/st7789h2.o
LOAD ./Components/stmpe1600/stmpe1600.o
LOAD ./Components/stmpe811/stmpe811.o
LOAD ./Components/ts3510/ts3510.o
LOAD ./Components/wm8994/wm8994.o
LOAD ./Core/Src/fsm.o
LOAD ./Core/Src/gpio.o
LOAD ./Core/Src/i2c.o
LOAD ./Core/Src/i2s.o
LOAD ./Core/Src/main.o
LOAD ./Core/Src/spi.o
LOAD ./Core/Src/stm32f4xx_hal_msp.o
LOAD ./Core/Src/stm32f4xx_it.o
LOAD ./Core/Src/syscalls.o
LOAD ./Core/Src/sysmem.o
LOAD ./Core/Src/system_stm32f4xx.o
LOAD ./Core/Src/tim.o
LOAD ./Core/Startup/startup_stm32f411vetx.o
LOAD ./Drivers/STM32F4xx_HAL_Driver/Src/stm32f4xx_hal.o
LOAD ./Drivers/STM32F4xx_HAL_Driver/Src/stm32f4xx_hal_cortex.o
LOAD ./Drivers/STM32F4xx_HAL_Driver/Src/stm32f4xx_hal_dma.o
LOAD ./Drivers/STM32F4xx_HAL_Driver/Src/stm32f4xx_hal_dma_ex.o
LOAD ./Drivers/STM32F4xx_HAL_Driver/Src/stm32f4xx_hal_exti.o
LOAD ./Drivers/STM32F4xx_HAL_Driver/Src/stm32f4xx_hal_flash.o
LOAD ./Drivers/STM32F4xx_HAL_Driver/Src/stm32f4xx_hal_flash_ex.o
LOAD ./Drivers/STM32F4xx_HAL_Driver/Src/stm32f4xx_hal_flash_ramfunc.o
LOAD ./Drivers/STM32F4xx_HAL_Driver/Src/stm32f4xx_hal_gpio.o
LOAD ./Drivers/STM32F4xx_HAL_Driver/Src/stm32f4xx_hal_hcd.o
LOAD ./Drivers/STM32F4xx_HAL_Driver/Src/stm32f4xx_hal_i2c.o
LOAD ./Drivers/STM32F4xx_HAL_Driver/Src/stm32f4xx_hal_i2c_ex.o
LOAD ./Drivers/STM32F4xx_HAL_Driver/Src/stm32f4xx_hal_i2s.o
LOAD ./Drivers/STM32F4xx_HAL_Driver/Src/stm32f4xx_hal_i2s_ex.o
LOAD ./Drivers/STM32F4xx_HAL_Driver/Src/stm32f4xx_hal_pwr.o
LOAD ./Drivers/STM32F4xx_HAL_Driver/Src/stm32f4xx_hal_pwr_ex.o
LOAD ./Drivers/STM32F4xx_HAL_Driver/Src/stm32f4xx_hal_rcc.o
LOAD ./Drivers/STM32F4xx_HAL_Driver/Src/stm32f4xx_hal_rcc_ex.o
LOAD ./Drivers/STM32F4xx_HAL_Driver/Src/stm32f4xx_hal_spi.o
LOAD ./Drivers/STM32F4xx_HAL_Driver/Src/stm32f4xx_hal_tim.o
LOAD ./Drivers/STM32F4xx_HAL_Driver/Src/stm32f4xx_hal_tim_ex.o
LOAD ./Drivers/STM32F4xx_HAL_Driver/Src/stm32f4xx_ll_usb.o
LOAD ./Middlewares/ST/STM32_USB_Host_Library/Class/CDC/Src/usbh_cdc.o
LOAD ./Middlewares/ST/STM32_USB_Host_Library/Core/Src/usbh_core.o
LOAD ./Middlewares/ST/STM32_USB_Host_Library/Core/Src/usbh_ctlreq.o
LOAD ./Middlewares/ST/STM32_USB_Host_Library/Core/Src/usbh_ioreq.o
LOAD ./Middlewares/ST/STM32_USB_Host_Library/Core/Src/usbh_pipes.o
LOAD ./STM32F411E-Discovery/stm32f411e_discovery.o
LOAD ./STM32F411E-Discovery/stm32f411e_discovery_accelerometer.o
LOAD ./STM32F411E-Discovery/stm32f411e_discovery_gyroscope.o
LOAD ./USB_HOST/App/usb_host.o
LOAD ./USB_HOST/Target/usbh_conf.o
LOAD ./USB_HOST/Target/usbh_platform.o
LOAD ../Middlewares/ST/ARM/DSP/Lib/libarm_cortexM4lf_math.a
START GROUP
LOAD /Applications/STM32CubeIDE.app/Contents/Eclipse/plugins/com.st.stm32cube.ide.mcu.externaltools.gnu-tools-for-stm32.11.3.rel1.macos64_1.1.1.202309131626/tools/bin/../lib/gcc/arm-none-eabi/11.3.1/../../../../arm-none-eabi/lib/thumb/v7e-m+fp/hard/libc_nano.a
LOAD /Applications/STM32CubeIDE.app/Contents/Eclipse/plugins/com.st.stm32cube.ide.mcu.externaltools.gnu-tools-for-stm32.11.3.rel1.macos64_1.1.1.202309131626/tools/bin/../lib/gcc/arm-none-eabi/11.3.1/../../../../arm-none-eabi/lib/thumb/v7e-m+fp/hard/libm.a
END GROUP
START GROUP
LOAD /Applications/STM32CubeIDE.app/Contents/Eclipse/plugins/com.st.stm32cube.ide.mcu.externaltools.gnu-tools-for-stm32.11.3.rel1.macos64_1.1.1.202309131626/tools/bin/../lib/gcc/arm-none-eabi/11.3.1/thumb/v7e-m+fp/hard/libgcc.a
LOAD /Applications/STM32CubeIDE.app/Contents/Eclipse/plugins/com.st.stm32cube.ide.mcu.externaltools.gnu-tools-for-stm32.11.3.rel1.macos64_1.1.1.202309131626/tools/bin/../lib/gcc/arm-none-eabi/11.3.1/../../../../arm-none-eabi/lib/thumb/v7e-m+fp/hard/libc_nano.a
END GROUP
START GROUP
LOAD /Applications/STM32CubeIDE.app/Contents/Eclipse/plugins/com.st.stm32cube.ide.mcu.externaltools.gnu-tools-for-stm32.11.3.rel1.macos64_1.1.1.202309131626/tools/bin/../lib/gcc/arm-none-eabi/11.3.1/thumb/v7e-m+fp/hard/libgcc.a
LOAD /Applications/STM32CubeIDE.app/Contents/Eclipse/plugins/com.st.stm32cube.ide.mcu.externaltools.gnu-tools-for-stm32.11.3.rel1.macos64_1.1.1.202309131626/tools/bin/../lib/gcc/arm-none-eabi/11.3.1/../../../../arm-none-eabi/lib/thumb/v7e-m+fp/hard/libc_nano.a
LOAD /Applications/STM32CubeIDE.app/Contents/Eclipse/plugins/com.st.stm32cube.ide.mcu.externaltools.gnu-tools-for-stm32.11.3.rel1.macos64_1.1.1.202309131626/tools/bin/../lib/gcc/arm-none-eabi/11.3.1/../../../../arm-none-eabi/lib/thumb/v7e-m+fp/hard/libnosys.a
END GROUP
START GROUP
LOAD /Applications/STM32CubeIDE.app/Contents/Eclipse/plugins/com.st.stm32cube.ide.mcu.externaltools.gnu-tools-for-stm32.11.3.rel1.macos64_1.1.1.202309131626/tools/bin/../lib/gcc/arm-none-eabi/11.3.1/thumb/v7e-m+fp/hard/libgcc.a
LOAD /Applications/STM32CubeIDE.app/Contents/Eclipse/plugins/com.st.stm32cube.ide.mcu.externaltools.gnu-tools-for-stm32.11.3.rel1.macos64_1.1.1.202309131626/tools/bin/../lib/gcc/arm-none-eabi/11.3.1/../../../../arm-none-eabi/lib/thumb/v7e-m+fp/hard/libc_nano.a
LOAD /Applications/STM32CubeIDE.app/Contents/Eclipse/plugins/com.st.stm32cube.ide.mcu.externaltools.gnu-tools-for-stm32.11.3.rel1.macos64_1.1.1.202309131626/tools/bin/../lib/gcc/arm-none-eabi/11.3.1/../../../../arm-none-eabi/lib/thumb/v7e-m+fp/hard/libnosys.a
END GROUP
LOAD /Applications/STM32CubeIDE.app/Contents/Eclipse/plugins/com.st.stm32cube.ide.mcu.externaltools.gnu-tools-for-stm32.11.3.rel1.macos64_1.1.1.202309131626/tools/bin/../lib/gcc/arm-none-eabi/11.3.1/thumb/v7e-m+fp/hard/crtend.o
LOAD /Applications/STM32CubeIDE.app/Contents/Eclipse/plugins/com.st.stm32cube.ide.mcu.externaltools.gnu-tools-for-stm32.11.3.rel1.macos64_1.1.1.202309131626/tools/bin/../lib/gcc/arm-none-eabi/11.3.1/thumb/v7e-m+fp/hard/crtn.o
                0x0000000020020000                _estack = (ORIGIN (RAM) + LENGTH (RAM))
                0x0000000000000200                _Min_Heap_Size = 0x200
                0x0000000000000400                _Min_Stack_Size = 0x400

.isr_vector     0x0000000008000000      0x198
                0x0000000008000000                . = ALIGN (0x4)
 *(.isr_vector)
 .isr_vector    0x0000000008000000      0x198 ./Core/Startup/startup_stm32f411vetx.o
                0x0000000008000000                g_pfnVectors
                0x0000000008000198                . = ALIGN (0x4)

.text           0x0000000008000198     0x604c
                0x0000000008000198                . = ALIGN (0x4)
 *(.text)
 .text          0x0000000008000198       0x40 /Applications/STM32CubeIDE.app/Contents/Eclipse/plugins/com.st.stm32cube.ide.mcu.externaltools.gnu-tools-for-stm32.11.3.rel1.macos64_1.1.1.202309131626/tools/bin/../lib/gcc/arm-none-eabi/11.3.1/thumb/v7e-m+fp/hard/crtbegin.o
 .text          0x00000000080001d8      0x378 /Applications/STM32CubeIDE.app/Contents/Eclipse/plugins/com.st.stm32cube.ide.mcu.externaltools.gnu-tools-for-stm32.11.3.rel1.macos64_1.1.1.202309131626/tools/bin/../lib/gcc/arm-none-eabi/11.3.1/thumb/v7e-m+fp/hard/libgcc.a(_arm_addsubdf3.o)
                0x00000000080001d8                __aeabi_drsub
                0x00000000080001e0                __subdf3
                0x00000000080001e0                __aeabi_dsub
                0x00000000080001e4                __aeabi_dadd
                0x00000000080001e4                __adddf3
                0x000000000800045c                __aeabi_ui2d
                0x000000000800045c                __floatunsidf
                0x000000000800047c                __floatsidf
                0x000000000800047c                __aeabi_i2d
                0x00000000080004a0                __extendsfdf2
                0x00000000080004a0                __aeabi_f2d
                0x00000000080004e4                __aeabi_ul2d
                0x00000000080004e4                __floatundidf
                0x00000000080004f4                __aeabi_l2d
                0x00000000080004f4                __floatdidf
 .text          0x0000000008000550       0xa0 /Applications/STM32CubeIDE.app/Contents/Eclipse/plugins/com.st.stm32cube.ide.mcu.externaltools.gnu-tools-for-stm32.11.3.rel1.macos64_1.1.1.202309131626/tools/bin/../lib/gcc/arm-none-eabi/11.3.1/thumb/v7e-m+fp/hard/libgcc.a(_arm_truncdfsf2.o)
                0x0000000008000550                __aeabi_d2f
                0x0000000008000550                __truncdfsf2
 .text          0x00000000080005f0       0x30 /Applications/STM32CubeIDE.app/Contents/Eclipse/plugins/com.st.stm32cube.ide.mcu.externaltools.gnu-tools-for-stm32.11.3.rel1.macos64_1.1.1.202309131626/tools/bin/../lib/gcc/arm-none-eabi/11.3.1/thumb/v7e-m+fp/hard/libgcc.a(_aeabi_uldivmod.o)
                0x00000000080005f0                __aeabi_uldivmod
 .text          0x0000000008000620      0x2c8 /Applications/STM32CubeIDE.app/Contents/Eclipse/plugins/com.st.stm32cube.ide.mcu.externaltools.gnu-tools-for-stm32.11.3.rel1.macos64_1.1.1.202309131626/tools/bin/../lib/gcc/arm-none-eabi/11.3.1/thumb/v7e-m+fp/hard/libgcc.a(_udivmoddi4.o)
                0x0000000008000620                __udivmoddi4
 .text          0x00000000080008e8        0x4 /Applications/STM32CubeIDE.app/Contents/Eclipse/plugins/com.st.stm32cube.ide.mcu.externaltools.gnu-tools-for-stm32.11.3.rel1.macos64_1.1.1.202309131626/tools/bin/../lib/gcc/arm-none-eabi/11.3.1/thumb/v7e-m+fp/hard/libgcc.a(_dvmd_tls.o)
                0x00000000080008e8                __aeabi_ldiv0
                0x00000000080008e8                __aeabi_idiv0
 *(.text*)
 .text.LSM303AGR_AccDeInit
                0x00000000080008ec        0x2 ./Components/lsm303agr/lsm303agr.o
                0x00000000080008ec                LSM303AGR_AccDeInit
 .text.LSM303AGR_AccInit
                0x00000000080008ee       0x20 ./Components/lsm303agr/lsm303agr.o
                0x00000000080008ee                LSM303AGR_AccInit
 .text.LSM303AGR_AccReadID
                0x000000000800090e       0x12 ./Components/lsm303agr/lsm303agr.o
                0x000000000800090e                LSM303AGR_AccReadID
 .text.LSM303AGR_AccRebootCmd
                0x0000000008000920       0x1c ./Components/lsm303agr/lsm303agr.o
                0x0000000008000920                LSM303AGR_AccRebootCmd
 .text.LSM303AGR_AccFilterConfig
                0x000000000800093c       0x20 ./Components/lsm303agr/lsm303agr.o
                0x000000000800093c                LSM303AGR_AccFilterConfig
 .text.LSM303AGR_AccFilterCmd
                0x000000000800095c       0x20 ./Components/lsm303agr/lsm303agr.o
                0x000000000800095c                LSM303AGR_AccFilterCmd
 .text.LSM303AGR_AccReadXYZ
                0x000000000800097c       0xb2 ./Components/lsm303agr/lsm303agr.o
                0x000000000800097c                LSM303AGR_AccReadXYZ
 .text.LSM303AGR_AccFilterClickCmd
                0x0000000008000a2e       0x20 ./Components/lsm303agr/lsm303agr.o
                0x0000000008000a2e                LSM303AGR_AccFilterClickCmd
 .text.LSM303AGR_AccIT1Enable
                0x0000000008000a4e       0x1c ./Components/lsm303agr/lsm303agr.o
                0x0000000008000a4e                LSM303AGR_AccIT1Enable
 .text.LSM303AGR_AccClickITEnable
                0x0000000008000a6a       0x44 ./Components/lsm303agr/lsm303agr.o
                0x0000000008000a6a                LSM303AGR_AccClickITEnable
 .text.LSM303AGR_AccZClickITConfig
                0x0000000008000aae       0x1c ./Components/lsm303agr/lsm303agr.o
                0x0000000008000aae                LSM303AGR_AccZClickITConfig
 .text.LSM303DLHC_AccDeInit
                0x0000000008000aca        0x2 ./Components/lsm303dlhc/lsm303dlhc.o
                0x0000000008000aca                LSM303DLHC_AccDeInit
 .text.LSM303DLHC_AccInit
                0x0000000008000acc       0x20 ./Components/lsm303dlhc/lsm303dlhc.o
                0x0000000008000acc                LSM303DLHC_AccInit
 .text.LSM303DLHC_AccReadID
                0x0000000008000aec       0x12 ./Components/lsm303dlhc/lsm303dlhc.o
                0x0000000008000aec                LSM303DLHC_AccReadID
 .text.LSM303DLHC_AccRebootCmd
                0x0000000008000afe       0x1c ./Components/lsm303dlhc/lsm303dlhc.o
                0x0000000008000afe                LSM303DLHC_AccRebootCmd
 .text.LSM303DLHC_AccFilterConfig
                0x0000000008000b1a       0x20 ./Components/lsm303dlhc/lsm303dlhc.o
                0x0000000008000b1a                LSM303DLHC_AccFilterConfig
 .text.LSM303DLHC_AccFilterCmd
                0x0000000008000b3a       0x20 ./Components/lsm303dlhc/lsm303dlhc.o
                0x0000000008000b3a                LSM303DLHC_AccFilterCmd
 .text.LSM303DLHC_AccReadXYZ
                0x0000000008000b5a       0xb2 ./Components/lsm303dlhc/lsm303dlhc.o
                0x0000000008000b5a                LSM303DLHC_AccReadXYZ
 .text.LSM303DLHC_AccFilterClickCmd
                0x0000000008000c0c       0x20 ./Components/lsm303dlhc/lsm303dlhc.o
                0x0000000008000c0c                LSM303DLHC_AccFilterClickCmd
 .text.LSM303DLHC_AccIT1Enable
                0x0000000008000c2c       0x1c ./Components/lsm303dlhc/lsm303dlhc.o
                0x0000000008000c2c                LSM303DLHC_AccIT1Enable
 .text.LSM303DLHC_AccClickITEnable
                0x0000000008000c48       0x44 ./Components/lsm303dlhc/lsm303dlhc.o
                0x0000000008000c48                LSM303DLHC_AccClickITEnable
 .text.LSM303DLHC_AccZClickITConfig
                0x0000000008000c8c       0x1c ./Components/lsm303dlhc/lsm303dlhc.o
                0x0000000008000c8c                LSM303DLHC_AccZClickITConfig
 .text.fsm_new  0x0000000008000ca8       0x12 ./Core/Src/fsm.o
                0x0000000008000ca8                fsm_new
 .text.fsm_fire
                0x0000000008000cba       0x32 ./Core/Src/fsm.o
                0x0000000008000cba                fsm_fire
 .text.MX_GPIO_Init
                0x0000000008000cec      0x15c ./Core/Src/gpio.o
                0x0000000008000cec                MX_GPIO_Init
 .text.MX_I2C1_Init
                0x0000000008000e48       0x3c ./Core/Src/i2c.o
                0x0000000008000e48                MX_I2C1_Init
 .text.HAL_I2C_MspInit
                0x0000000008000e84       0x70 ./Core/Src/i2c.o
                0x0000000008000e84                HAL_I2C_MspInit
 .text.HAL_I2C_MspDeInit
                0x0000000008000ef4       0x38 ./Core/Src/i2c.o
                0x0000000008000ef4                HAL_I2C_MspDeInit
 .text.MX_I2S2_Init
                0x0000000008000f2c       0x40 ./Core/Src/i2s.o
                0x0000000008000f2c                MX_I2S2_Init
 .text.MX_I2S3_Init
                0x0000000008000f6c       0x3c ./Core/Src/i2s.o
                0x0000000008000f6c                MX_I2S3_Init
 .text.HAL_I2S_MspInit
                0x0000000008000fa8      0x124 ./Core/Src/i2s.o
                0x0000000008000fa8                HAL_I2S_MspInit
 .text.boton_sin_pulsar
                0x00000000080010cc       0x10 ./Core/Src/main.o
 .text.LED_azul_empieza
                0x00000000080010dc       0x10 ./Core/Src/main.o
 .text.LED_azul_parpadeo
                0x00000000080010ec       0x10 ./Core/Src/main.o
 .text.Sistema_Activo
                0x00000000080010fc       0x10 ./Core/Src/main.o
 .text.empieza_muestras
                0x000000000800110c       0x10 ./Core/Src/main.o
 .text.muestras_cumplidas
                0x000000000800111c       0x14 ./Core/Src/main.o
 .text.Sistema_No_Activo
                0x0000000008001130       0x10 ./Core/Src/main.o
 .text.funcion_LED_azul_empieza
                0x0000000008001140       0x20 ./Core/Src/main.o
 .text.funcion_calculo
                0x0000000008001160       0x40 ./Core/Src/main.o
 .text.esta_parado
                0x00000000080011a0       0x28 ./Core/Src/main.o
 .text.esta_andando
                0x00000000080011c8       0x28 ./Core/Src/main.o
 .text.esta_aviso
                0x00000000080011f0        0x4 ./Core/Src/main.o
 .text.funcion_sistemaoff
                0x00000000080011f4       0x18 ./Core/Src/main.o
 .text.funcion_aviso
                0x000000000800120c       0x1c ./Core/Src/main.o
 .text.funcion_andando
                0x0000000008001228       0x1c ./Core/Src/main.o
 .text.funcion_parado
                0x0000000008001244       0x1c ./Core/Src/main.o
 .text.funcion_terminar
                0x0000000008001260       0x40 ./Core/Src/main.o
 .text.funcion_comparar_calculo
                0x00000000080012a0       0xb0 ./Core/Src/main.o
 .text.funcion_muestreo
                0x0000000008001350       0x14 ./Core/Src/main.o
 .text.funcion_LED_azul
                0x0000000008001364       0x2c ./Core/Src/main.o
 .text.funcion_LED_azul_apagado
                0x0000000008001390       0x44 ./Core/Src/main.o
 .text.funcion_LED_azul_encendido
                0x00000000080013d4       0x18 ./Core/Src/main.o
 .text.LED_azul_termina
                0x00000000080013ec       0x10 ./Core/Src/main.o
 .text.boton_pulsado
                0x00000000080013fc       0x10 ./Core/Src/main.o
 .text.SystemClock_Config
                0x000000000800140c       0xa0 ./Core/Src/main.o
                0x000000000800140c                SystemClock_Config
 .text.PeriphCommonClock_Config
                0x00000000080014ac       0x2a ./Core/Src/main.o
                0x00000000080014ac                PeriphCommonClock_Config
 *fill*         0x00000000080014d6        0x2 
 .text.startup.main
                0x00000000080014d8       0x78 ./Core/Src/main.o
                0x00000000080014d8                main
 .text.HAL_TIM_PeriodElapsedCallback
                0x0000000008001550       0x40 ./Core/Src/main.o
                0x0000000008001550                HAL_TIM_PeriodElapsedCallback
 .text.HAL_GPIO_EXTI_Callback
                0x0000000008001590       0x10 ./Core/Src/main.o
                0x0000000008001590                HAL_GPIO_EXTI_Callback
 .text.Error_Handler
                0x00000000080015a0        0x4 ./Core/Src/main.o
                0x00000000080015a0                Error_Handler
 .text.MX_SPI1_Init
                0x00000000080015a4       0x44 ./Core/Src/spi.o
                0x00000000080015a4                MX_SPI1_Init
 .text.HAL_SPI_MspInit
                0x00000000080015e8       0x6c ./Core/Src/spi.o
                0x00000000080015e8                HAL_SPI_MspInit
 .text.HAL_MspInit
                0x0000000008001654       0x3c ./Core/Src/stm32f4xx_hal_msp.o
                0x0000000008001654                HAL_MspInit
 .text.NMI_Handler
                0x0000000008001690        0x2 ./Core/Src/stm32f4xx_it.o
                0x0000000008001690                NMI_Handler
 .text.HardFault_Handler
                0x0000000008001692        0x2 ./Core/Src/stm32f4xx_it.o
                0x0000000008001692                HardFault_Handler
 .text.MemManage_Handler
                0x0000000008001694        0x2 ./Core/Src/stm32f4xx_it.o
                0x0000000008001694                MemManage_Handler
 .text.BusFault_Handler
                0x0000000008001696        0x2 ./Core/Src/stm32f4xx_it.o
                0x0000000008001696                BusFault_Handler
 .text.UsageFault_Handler
                0x0000000008001698        0x2 ./Core/Src/stm32f4xx_it.o
                0x0000000008001698                UsageFault_Handler
 .text.SVC_Handler
                0x000000000800169a        0x2 ./Core/Src/stm32f4xx_it.o
                0x000000000800169a                SVC_Handler
 .text.DebugMon_Handler
                0x000000000800169c        0x2 ./Core/Src/stm32f4xx_it.o
                0x000000000800169c                DebugMon_Handler
 .text.PendSV_Handler
                0x000000000800169e        0x2 ./Core/Src/stm32f4xx_it.o
                0x000000000800169e                PendSV_Handler
 .text.SysTick_Handler
                0x00000000080016a0        0x4 ./Core/Src/stm32f4xx_it.o
                0x00000000080016a0                SysTick_Handler
 .text.EXTI0_IRQHandler
                0x00000000080016a4        0x6 ./Core/Src/stm32f4xx_it.o
                0x00000000080016a4                EXTI0_IRQHandler
 *fill*         0x00000000080016aa        0x2 
 .text.TIM1_UP_TIM10_IRQHandler
                0x00000000080016ac        0xc ./Core/Src/stm32f4xx_it.o
                0x00000000080016ac                TIM1_UP_TIM10_IRQHandler
 .text.TIM2_IRQHandler
                0x00000000080016b8        0xc ./Core/Src/stm32f4xx_it.o
                0x00000000080016b8                TIM2_IRQHandler
 .text.TIM3_IRQHandler
                0x00000000080016c4        0xc ./Core/Src/stm32f4xx_it.o
                0x00000000080016c4                TIM3_IRQHandler
 .text.OTG_FS_IRQHandler
                0x00000000080016d0        0xc ./Core/Src/stm32f4xx_it.o
                0x00000000080016d0                OTG_FS_IRQHandler
 .text._sbrk    0x00000000080016dc       0x40 ./Core/Src/sysmem.o
                0x00000000080016dc                _sbrk
 .text.SystemInit
                0x000000000800171c       0x14 ./Core/Src/system_stm32f4xx.o
                0x000000000800171c                SystemInit
 .text.MX_TIM2_Init
                0x0000000008001730       0x68 ./Core/Src/tim.o
                0x0000000008001730                MX_TIM2_Init
 .text.MX_TIM3_Init
                0x0000000008001798       0x6c ./Core/Src/tim.o
                0x0000000008001798                MX_TIM3_Init
 .text.MX_TIM10_Init
                0x0000000008001804       0x34 ./Core/Src/tim.o
                0x0000000008001804                MX_TIM10_Init
 .text.HAL_TIM_Base_MspInit
                0x0000000008001838       0xa0 ./Core/Src/tim.o
                0x0000000008001838                HAL_TIM_Base_MspInit
 .text.HAL_TIM_PWM_MspInit
                0x00000000080018d8       0x30 ./Core/Src/tim.o
                0x00000000080018d8                HAL_TIM_PWM_MspInit
 .text.HAL_TIM_MspPostInit
                0x0000000008001908       0x54 ./Core/Src/tim.o
                0x0000000008001908                HAL_TIM_MspPostInit
 .text.MX_TIM4_Init
                0x000000000800195c       0x74 ./Core/Src/tim.o
                0x000000000800195c                MX_TIM4_Init
 .text.Reset_Handler
                0x00000000080019d0       0x50 ./Core/Startup/startup_stm32f411vetx.o
                0x00000000080019d0                Reset_Handler
 .text.Default_Handler
                0x0000000008001a20        0x2 ./Core/Startup/startup_stm32f411vetx.o
                0x0000000008001a20                DMA1_Stream3_IRQHandler
                0x0000000008001a20                EXTI2_IRQHandler
                0x0000000008001a20                SPI4_IRQHandler
                0x0000000008001a20                TIM1_CC_IRQHandler
                0x0000000008001a20                DMA2_Stream5_IRQHandler
                0x0000000008001a20                DMA1_Stream5_IRQHandler
                0x0000000008001a20                PVD_IRQHandler
                0x0000000008001a20                SDIO_IRQHandler
                0x0000000008001a20                TAMP_STAMP_IRQHandler
                0x0000000008001a20                EXTI3_IRQHandler
                0x0000000008001a20                I2C3_ER_IRQHandler
                0x0000000008001a20                I2C2_EV_IRQHandler
                0x0000000008001a20                DMA1_Stream2_IRQHandler
                0x0000000008001a20                FPU_IRQHandler
                0x0000000008001a20                DMA2_Stream2_IRQHandler
                0x0000000008001a20                SPI1_IRQHandler
                0x0000000008001a20                TIM1_BRK_TIM9_IRQHandler
                0x0000000008001a20                DMA2_Stream3_IRQHandler
                0x0000000008001a20                USART6_IRQHandler
                0x0000000008001a20                DMA2_Stream0_IRQHandler
                0x0000000008001a20                TIM4_IRQHandler
                0x0000000008001a20                I2C1_EV_IRQHandler
                0x0000000008001a20                DMA1_Stream6_IRQHandler
                0x0000000008001a20                DMA1_Stream1_IRQHandler
                0x0000000008001a20                RCC_IRQHandler
                0x0000000008001a20                Default_Handler
                0x0000000008001a20                EXTI15_10_IRQHandler
                0x0000000008001a20                ADC_IRQHandler
                0x0000000008001a20                DMA1_Stream7_IRQHandler
                0x0000000008001a20                SPI5_IRQHandler
                0x0000000008001a20                TIM5_IRQHandler
                0x0000000008001a20                DMA2_Stream7_IRQHandler
                0x0000000008001a20                I2C3_EV_IRQHandler
                0x0000000008001a20                EXTI9_5_IRQHandler
                0x0000000008001a20                RTC_WKUP_IRQHandler
                0x0000000008001a20                SPI2_IRQHandler
                0x0000000008001a20                DMA1_Stream0_IRQHandler
                0x0000000008001a20                EXTI4_IRQHandler
                0x0000000008001a20                WWDG_IRQHandler
                0x0000000008001a20                OTG_FS_WKUP_IRQHandler
                0x0000000008001a20                TIM1_TRG_COM_TIM11_IRQHandler
                0x0000000008001a20                EXTI1_IRQHandler
                0x0000000008001a20                USART2_IRQHandler
                0x0000000008001a20                I2C2_ER_IRQHandler
                0x0000000008001a20                DMA2_Stream1_IRQHandler
                0x0000000008001a20                FLASH_IRQHandler
                0x0000000008001a20                DMA2_Stream4_IRQHandler
                0x0000000008001a20                USART1_IRQHandler
                0x0000000008001a20                SPI3_IRQHandler
                0x0000000008001a20                DMA1_Stream4_IRQHandler
                0x0000000008001a20                I2C1_ER_IRQHandler
                0x0000000008001a20                DMA2_Stream6_IRQHandler
                0x0000000008001a20                RTC_Alarm_IRQHandler
 *fill*         0x0000000008001a22        0x2 
 .text.HAL_InitTick
                0x0000000008001a24       0x48 ./Drivers/STM32F4xx_HAL_Driver/Src/stm32f4xx_hal.o
                0x0000000008001a24                HAL_InitTick
 .text.HAL_Init
                0x0000000008001a6c       0x34 ./Drivers/STM32F4xx_HAL_Driver/Src/stm32f4xx_hal.o
                0x0000000008001a6c                HAL_Init
 .text.HAL_IncTick
                0x0000000008001aa0       0x18 ./Drivers/STM32F4xx_HAL_Driver/Src/stm32f4xx_hal.o
                0x0000000008001aa0                HAL_IncTick
 .text.HAL_GetTick
                0x0000000008001ab8        0xc ./Drivers/STM32F4xx_HAL_Driver/Src/stm32f4xx_hal.o
                0x0000000008001ab8                HAL_GetTick
 .text.HAL_Delay
                0x0000000008001ac4       0x28 ./Drivers/STM32F4xx_HAL_Driver/Src/stm32f4xx_hal.o
                0x0000000008001ac4                HAL_Delay
 .text.HAL_NVIC_SetPriorityGrouping
                0x0000000008001aec       0x24 ./Drivers/STM32F4xx_HAL_Driver/Src/stm32f4xx_hal_cortex.o
                0x0000000008001aec                HAL_NVIC_SetPriorityGrouping
 .text.HAL_NVIC_SetPriority
                0x0000000008001b10       0x64 ./Drivers/STM32F4xx_HAL_Driver/Src/stm32f4xx_hal_cortex.o
                0x0000000008001b10                HAL_NVIC_SetPriority
 .text.HAL_NVIC_EnableIRQ
                0x0000000008001b74       0x1c ./Drivers/STM32F4xx_HAL_Driver/Src/stm32f4xx_hal_cortex.o
                0x0000000008001b74                HAL_NVIC_EnableIRQ
 .text.HAL_SYSTICK_Config
                0x0000000008001b90       0x28 ./Drivers/STM32F4xx_HAL_Driver/Src/stm32f4xx_hal_cortex.o
                0x0000000008001b90                HAL_SYSTICK_Config
 .text.HAL_GPIO_Init
                0x0000000008001bb8      0x190 ./Drivers/STM32F4xx_HAL_Driver/Src/stm32f4xx_hal_gpio.o
                0x0000000008001bb8                HAL_GPIO_Init
 .text.HAL_GPIO_DeInit
                0x0000000008001d48       0xf8 ./Drivers/STM32F4xx_HAL_Driver/Src/stm32f4xx_hal_gpio.o
                0x0000000008001d48                HAL_GPIO_DeInit
 .text.HAL_GPIO_WritePin
                0x0000000008001e40        0xa ./Drivers/STM32F4xx_HAL_Driver/Src/stm32f4xx_hal_gpio.o
                0x0000000008001e40                HAL_GPIO_WritePin
 .text.HAL_GPIO_TogglePin
                0x0000000008001e4a       0x12 ./Drivers/STM32F4xx_HAL_Driver/Src/stm32f4xx_hal_gpio.o
                0x0000000008001e4a                HAL_GPIO_TogglePin
 .text.HAL_GPIO_EXTI_IRQHandler
                0x0000000008001e5c       0x18 ./Drivers/STM32F4xx_HAL_Driver/Src/stm32f4xx_hal_gpio.o
                0x0000000008001e5c                HAL_GPIO_EXTI_IRQHandler
 .text.HAL_HCD_HC_Init
                0x0000000008001e74       0x6c ./Drivers/STM32F4xx_HAL_Driver/Src/stm32f4xx_hal_hcd.o
                0x0000000008001e74                HAL_HCD_HC_Init
 .text.HAL_HCD_HC_Halt
                0x0000000008001ee0       0x24 ./Drivers/STM32F4xx_HAL_Driver/Src/stm32f4xx_hal_hcd.o
                0x0000000008001ee0                HAL_HCD_HC_Halt
 .text.HAL_HCD_Init
                0x0000000008001f04       0x98 ./Drivers/STM32F4xx_HAL_Driver/Src/stm32f4xx_hal_hcd.o
                0x0000000008001f04                HAL_HCD_Init
 .text.HAL_HCD_HC_SubmitRequest
                0x0000000008001f9c       0xc8 ./Drivers/STM32F4xx_HAL_Driver/Src/stm32f4xx_hal_hcd.o
                0x0000000008001f9c                HAL_HCD_HC_SubmitRequest
 .text.HAL_HCD_IRQHandler
                0x0000000008002064      0x64c ./Drivers/STM32F4xx_HAL_Driver/Src/stm32f4xx_hal_hcd.o
                0x0000000008002064                HAL_HCD_IRQHandler
 .text.HAL_HCD_Start
                0x00000000080026b0       0x2a ./Drivers/STM32F4xx_HAL_Driver/Src/stm32f4xx_hal_hcd.o
                0x00000000080026b0                HAL_HCD_Start
 .text.HAL_HCD_Stop
                0x00000000080026da       0x24 ./Drivers/STM32F4xx_HAL_Driver/Src/stm32f4xx_hal_hcd.o
                0x00000000080026da                HAL_HCD_Stop
 .text.HAL_HCD_ResetPort
                0x00000000080026fe        0x6 ./Drivers/STM32F4xx_HAL_Driver/Src/stm32f4xx_hal_hcd.o
                0x00000000080026fe                HAL_HCD_ResetPort
 .text.HAL_HCD_HC_GetURBState
                0x0000000008002704        0xc ./Drivers/STM32F4xx_HAL_Driver/Src/stm32f4xx_hal_hcd.o
                0x0000000008002704                HAL_HCD_HC_GetURBState
 .text.HAL_HCD_HC_GetXferCount
                0x0000000008002710        0xa ./Drivers/STM32F4xx_HAL_Driver/Src/stm32f4xx_hal_hcd.o
                0x0000000008002710                HAL_HCD_HC_GetXferCount
 .text.HAL_HCD_GetCurrentFrame
                0x000000000800271a        0x6 ./Drivers/STM32F4xx_HAL_Driver/Src/stm32f4xx_hal_hcd.o
                0x000000000800271a                HAL_HCD_GetCurrentFrame
 .text.HAL_HCD_GetCurrentSpeed
                0x0000000008002720        0x6 ./Drivers/STM32F4xx_HAL_Driver/Src/stm32f4xx_hal_hcd.o
                0x0000000008002720                HAL_HCD_GetCurrentSpeed
 .text.I2C_IsAcknowledgeFailed
                0x0000000008002726       0x34 ./Drivers/STM32F4xx_HAL_Driver/Src/stm32f4xx_hal_i2c.o
 .text.I2C_WaitOnFlagUntilTimeout
                0x000000000800275a       0x64 ./Drivers/STM32F4xx_HAL_Driver/Src/stm32f4xx_hal_i2c.o
 .text.I2C_WaitOnMasterAddressFlagUntilTimeout
                0x00000000080027be       0x76 ./Drivers/STM32F4xx_HAL_Driver/Src/stm32f4xx_hal_i2c.o
 .text.I2C_WaitOnRXNEFlagUntilTimeout
                0x0000000008002834       0x5e ./Drivers/STM32F4xx_HAL_Driver/Src/stm32f4xx_hal_i2c.o
 .text.I2C_WaitOnTXEFlagUntilTimeout
                0x0000000008002892       0x4c ./Drivers/STM32F4xx_HAL_Driver/Src/stm32f4xx_hal_i2c.o
 *fill*         0x00000000080028de        0x2 
 .text.I2C_RequestMemoryWrite
                0x00000000080028e0       0xb0 ./Drivers/STM32F4xx_HAL_Driver/Src/stm32f4xx_hal_i2c.o
 .text.I2C_RequestMemoryRead
                0x0000000008002990      0x104 ./Drivers/STM32F4xx_HAL_Driver/Src/stm32f4xx_hal_i2c.o
 .text.I2C_WaitOnBTFFlagUntilTimeout
                0x0000000008002a94       0x4c ./Drivers/STM32F4xx_HAL_Driver/Src/stm32f4xx_hal_i2c.o
 .text.HAL_I2C_Init
                0x0000000008002ae0      0x150 ./Drivers/STM32F4xx_HAL_Driver/Src/stm32f4xx_hal_i2c.o
                0x0000000008002ae0                HAL_I2C_Init
 .text.HAL_I2C_DeInit
                0x0000000008002c30       0x32 ./Drivers/STM32F4xx_HAL_Driver/Src/stm32f4xx_hal_i2c.o
                0x0000000008002c30                HAL_I2C_DeInit
 *fill*         0x0000000008002c62        0x2 
 .text.HAL_I2C_Mem_Write
                0x0000000008002c64      0x120 ./Drivers/STM32F4xx_HAL_Driver/Src/stm32f4xx_hal_i2c.o
                0x0000000008002c64                HAL_I2C_Mem_Write
 .text.HAL_I2C_Mem_Read
                0x0000000008002d84      0x210 ./Drivers/STM32F4xx_HAL_Driver/Src/stm32f4xx_hal_i2c.o
                0x0000000008002d84                HAL_I2C_Mem_Read
 .text.HAL_I2C_GetState
                0x0000000008002f94        0x6 ./Drivers/STM32F4xx_HAL_Driver/Src/stm32f4xx_hal_i2c.o
                0x0000000008002f94                HAL_I2C_GetState
 *fill*         0x0000000008002f9a        0x2 
 .text.HAL_I2S_Init
                0x0000000008002f9c      0x140 ./Drivers/STM32F4xx_HAL_Driver/Src/stm32f4xx_hal_i2s.o
                0x0000000008002f9c                HAL_I2S_Init
 .text.HAL_I2S_TxCpltCallback
                0x00000000080030dc        0x2 ./Drivers/STM32F4xx_HAL_Driver/Src/stm32f4xx_hal_i2s.o
                0x00000000080030dc                HAL_I2S_TxCpltCallback
 .text.HAL_I2S_RxCpltCallback
                0x00000000080030de        0x2 ./Drivers/STM32F4xx_HAL_Driver/Src/stm32f4xx_hal_i2s.o
                0x00000000080030de                HAL_I2S_RxCpltCallback
 .text.HAL_I2S_ErrorCallback
                0x00000000080030e0        0x2 ./Drivers/STM32F4xx_HAL_Driver/Src/stm32f4xx_hal_i2s.o
                0x00000000080030e0                HAL_I2S_ErrorCallback
 .text.I2S_IRQHandler
                0x00000000080030e2       0xfa ./Drivers/STM32F4xx_HAL_Driver/Src/stm32f4xx_hal_i2s.o
 .text.HAL_I2SEx_TxRxCpltCallback
                0x00000000080031dc        0x2 ./Drivers/STM32F4xx_HAL_Driver/Src/stm32f4xx_hal_i2s_ex.o
                0x00000000080031dc                HAL_I2SEx_TxRxCpltCallback
 *fill*         0x00000000080031de        0x2 
 .text.HAL_I2SEx_FullDuplex_IRQHandler
                0x00000000080031e0      0x248 ./Drivers/STM32F4xx_HAL_Driver/Src/stm32f4xx_hal_i2s_ex.o
                0x00000000080031e0                HAL_I2SEx_FullDuplex_IRQHandler
 .text.HAL_RCC_OscConfig
                0x0000000008003428      0x360 ./Drivers/STM32F4xx_HAL_Driver/Src/stm32f4xx_hal_rcc.o
                0x0000000008003428                HAL_RCC_OscConfig
 .text.HAL_RCC_GetSysClockFreq
                0x0000000008003788       0x5c ./Drivers/STM32F4xx_HAL_Driver/Src/stm32f4xx_hal_rcc.o
                0x0000000008003788                HAL_RCC_GetSysClockFreq
 .text.HAL_RCC_ClockConfig
                0x00000000080037e4      0x134 ./Drivers/STM32F4xx_HAL_Driver/Src/stm32f4xx_hal_rcc.o
                0x00000000080037e4                HAL_RCC_ClockConfig
 .text.HAL_RCC_GetPCLK1Freq
                0x0000000008003918       0x20 ./Drivers/STM32F4xx_HAL_Driver/Src/stm32f4xx_hal_rcc.o
                0x0000000008003918                HAL_RCC_GetPCLK1Freq
 .text.HAL_RCCEx_PeriphCLKConfig
                0x0000000008003938      0x144 ./Drivers/STM32F4xx_HAL_Driver/Src/stm32f4xx_hal_rcc_ex.o
                0x0000000008003938                HAL_RCCEx_PeriphCLKConfig
 .text.HAL_RCCEx_GetPeriphCLKFreq
                0x0000000008003a7c       0x50 ./Drivers/STM32F4xx_HAL_Driver/Src/stm32f4xx_hal_rcc_ex.o
                0x0000000008003a7c                HAL_RCCEx_GetPeriphCLKFreq
 .text.HAL_SPI_Init
                0x0000000008003acc       0xb8 ./Drivers/STM32F4xx_HAL_Driver/Src/stm32f4xx_hal_spi.o
                0x0000000008003acc                HAL_SPI_Init
 .text.TIM_OC1_SetConfig
                0x0000000008003b84       0x50 ./Drivers/STM32F4xx_HAL_Driver/Src/stm32f4xx_hal_tim.o
 .text.TIM_OC3_SetConfig
                0x0000000008003bd4       0x54 ./Drivers/STM32F4xx_HAL_Driver/Src/stm32f4xx_hal_tim.o
 .text.TIM_OC4_SetConfig
                0x0000000008003c28       0x44 ./Drivers/STM32F4xx_HAL_Driver/Src/stm32f4xx_hal_tim.o
 .text.HAL_TIM_Base_Start_IT
                0x0000000008003c6c       0x64 ./Drivers/STM32F4xx_HAL_Driver/Src/stm32f4xx_hal_tim.o
                0x0000000008003c6c                HAL_TIM_Base_Start_IT
 .text.HAL_TIM_Base_Stop_IT
                0x0000000008003cd0       0x30 ./Drivers/STM32F4xx_HAL_Driver/Src/stm32f4xx_hal_tim.o
                0x0000000008003cd0                HAL_TIM_Base_Stop_IT
 .text.HAL_TIM_OC_DelayElapsedCallback
                0x0000000008003d00        0x2 ./Drivers/STM32F4xx_HAL_Driver/Src/stm32f4xx_hal_tim.o
                0x0000000008003d00                HAL_TIM_OC_DelayElapsedCallback
 .text.HAL_TIM_IC_CaptureCallback
                0x0000000008003d02        0x2 ./Drivers/STM32F4xx_HAL_Driver/Src/stm32f4xx_hal_tim.o
                0x0000000008003d02                HAL_TIM_IC_CaptureCallback
 .text.HAL_TIM_PWM_PulseFinishedCallback
                0x0000000008003d04        0x2 ./Drivers/STM32F4xx_HAL_Driver/Src/stm32f4xx_hal_tim.o
                0x0000000008003d04                HAL_TIM_PWM_PulseFinishedCallback
 .text.HAL_TIM_TriggerCallback
                0x0000000008003d06        0x2 ./Drivers/STM32F4xx_HAL_Driver/Src/stm32f4xx_hal_tim.o
                0x0000000008003d06                HAL_TIM_TriggerCallback
 .text.HAL_TIM_IRQHandler
                0x0000000008003d08      0x144 ./Drivers/STM32F4xx_HAL_Driver/Src/stm32f4xx_hal_tim.o
                0x0000000008003d08                HAL_TIM_IRQHandler
 .text.TIM_Base_SetConfig
                0x0000000008003e4c       0x9c ./Drivers/STM32F4xx_HAL_Driver/Src/stm32f4xx_hal_tim.o
                0x0000000008003e4c                TIM_Base_SetConfig
 .text.HAL_TIM_Base_Init
                0x0000000008003ee8       0x58 ./Drivers/STM32F4xx_HAL_Driver/Src/stm32f4xx_hal_tim.o
                0x0000000008003ee8                HAL_TIM_Base_Init
 .text.HAL_TIM_PWM_Init
                0x0000000008003f40       0x58 ./Drivers/STM32F4xx_HAL_Driver/Src/stm32f4xx_hal_tim.o
                0x0000000008003f40                HAL_TIM_PWM_Init
 .text.TIM_OC2_SetConfig
                0x0000000008003f98       0x58 ./Drivers/STM32F4xx_HAL_Driver/Src/stm32f4xx_hal_tim.o
                0x0000000008003f98                TIM_OC2_SetConfig
 .text.HAL_TIM_PWM_ConfigChannel
                0x0000000008003ff0       0xb2 ./Drivers/STM32F4xx_HAL_Driver/Src/stm32f4xx_hal_tim.o
                0x0000000008003ff0                HAL_TIM_PWM_ConfigChannel
 .text.TIM_ETR_SetConfig
                0x00000000080040a2       0x14 ./Drivers/STM32F4xx_HAL_Driver/Src/stm32f4xx_hal_tim.o
                0x00000000080040a2                TIM_ETR_SetConfig
 .text.HAL_TIM_ConfigClockSource
                0x00000000080040b6      0x132 ./Drivers/STM32F4xx_HAL_Driver/Src/stm32f4xx_hal_tim.o
                0x00000000080040b6                HAL_TIM_ConfigClockSource
 .text.TIM_CCxChannelCmd
                0x00000000080041e8       0x1c ./Drivers/STM32F4xx_HAL_Driver/Src/stm32f4xx_hal_tim.o
                0x00000000080041e8                TIM_CCxChannelCmd
 .text.HAL_TIM_OC_Start
                0x0000000008004204       0xb0 ./Drivers/STM32F4xx_HAL_Driver/Src/stm32f4xx_hal_tim.o
                0x0000000008004204                HAL_TIM_OC_Start
 .text.HAL_TIM_PWM_Start
                0x00000000080042b4        0x4 ./Drivers/STM32F4xx_HAL_Driver/Src/stm32f4xx_hal_tim.o
                0x00000000080042b4                HAL_TIM_PWM_Start
 .text.HAL_TIM_OC_Stop
                0x00000000080042b8       0x74 ./Drivers/STM32F4xx_HAL_Driver/Src/stm32f4xx_hal_tim.o
                0x00000000080042b8                HAL_TIM_OC_Stop
 .text.HAL_TIM_PWM_Stop
                0x000000000800432c        0x4 ./Drivers/STM32F4xx_HAL_Driver/Src/stm32f4xx_hal_tim.o
                0x000000000800432c                HAL_TIM_PWM_Stop
 .text.HAL_TIMEx_MasterConfigSynchronization
                0x0000000008004330       0x6c ./Drivers/STM32F4xx_HAL_Driver/Src/stm32f4xx_hal_tim_ex.o
                0x0000000008004330                HAL_TIMEx_MasterConfigSynchronization
 .text.HAL_TIMEx_CommutCallback
                0x000000000800439c        0x2 ./Drivers/STM32F4xx_HAL_Driver/Src/stm32f4xx_hal_tim_ex.o
                0x000000000800439c                HAL_TIMEx_CommutCallback
 .text.HAL_TIMEx_BreakCallback
                0x000000000800439e        0x2 ./Drivers/STM32F4xx_HAL_Driver/Src/stm32f4xx_hal_tim_ex.o
                0x000000000800439e                HAL_TIMEx_BreakCallback
 .text.USB_CoreReset
                0x00000000080043a0       0x4c ./Drivers/STM32F4xx_HAL_Driver/Src/stm32f4xx_ll_usb.o
 .text.USB_CoreInit
                0x00000000080043ec       0x80 ./Drivers/STM32F4xx_HAL_Driver/Src/stm32f4xx_ll_usb.o
                0x00000000080043ec                USB_CoreInit
 .text.USB_EnableGlobalInt
                0x000000000800446c        0xc ./Drivers/STM32F4xx_HAL_Driver/Src/stm32f4xx_ll_usb.o
                0x000000000800446c                USB_EnableGlobalInt
 .text.USB_DisableGlobalInt
                0x0000000008004478        0xc ./Drivers/STM32F4xx_HAL_Driver/Src/stm32f4xx_ll_usb.o
                0x0000000008004478                USB_DisableGlobalInt
 .text.USB_SetCurrentMode
                0x0000000008004484       0x60 ./Drivers/STM32F4xx_HAL_Driver/Src/stm32f4xx_ll_usb.o
                0x0000000008004484                USB_SetCurrentMode
 .text.USB_FlushTxFifo
                0x00000000080044e4       0x4c ./Drivers/STM32F4xx_HAL_Driver/Src/stm32f4xx_ll_usb.o
                0x00000000080044e4                USB_FlushTxFifo
 .text.USB_FlushRxFifo
                0x0000000008004530       0x48 ./Drivers/STM32F4xx_HAL_Driver/Src/stm32f4xx_ll_usb.o
                0x0000000008004530                USB_FlushRxFifo
 .text.USB_WritePacket
                0x0000000008004578       0x26 ./Drivers/STM32F4xx_HAL_Driver/Src/stm32f4xx_ll_usb.o
                0x0000000008004578                USB_WritePacket
 .text.USB_ReadPacket
                0x000000000800459e       0x40 ./Drivers/STM32F4xx_HAL_Driver/Src/stm32f4xx_ll_usb.o
                0x000000000800459e                USB_ReadPacket
 .text.USB_ReadInterrupts
                0x00000000080045de        0x8 ./Drivers/STM32F4xx_HAL_Driver/Src/stm32f4xx_ll_usb.o
                0x00000000080045de                USB_ReadInterrupts
 .text.USB_GetMode
                0x00000000080045e6        0x8 ./Drivers/STM32F4xx_HAL_Driver/Src/stm32f4xx_ll_usb.o
                0x00000000080045e6                USB_GetMode
 *fill*         0x00000000080045ee        0x2 
 .text.USB_HostInit
                0x00000000080045f0       0xd8 ./Drivers/STM32F4xx_HAL_Driver/Src/stm32f4xx_ll_usb.o
                0x00000000080045f0                USB_HostInit
 .text.USB_InitFSLSPClkSel
                0x00000000080046c8       0x38 ./Drivers/STM32F4xx_HAL_Driver/Src/stm32f4xx_ll_usb.o
                0x00000000080046c8                USB_InitFSLSPClkSel
 .text.USB_ResetPort
                0x0000000008004700       0x3c ./Drivers/STM32F4xx_HAL_Driver/Src/stm32f4xx_ll_usb.o
                0x0000000008004700                USB_ResetPort
 .text.USB_DriveVbus
                0x000000000800473c       0x40 ./Drivers/STM32F4xx_HAL_Driver/Src/stm32f4xx_ll_usb.o
                0x000000000800473c                USB_DriveVbus
 .text.USB_GetHostSpeed
                0x000000000800477c       0x16 ./Drivers/STM32F4xx_HAL_Driver/Src/stm32f4xx_ll_usb.o
                0x000000000800477c                USB_GetHostSpeed
 .text.USB_GetCurrentFrame
                0x0000000008004792        0xa ./Drivers/STM32F4xx_HAL_Driver/Src/stm32f4xx_ll_usb.o
                0x0000000008004792                USB_GetCurrentFrame
 .text.USB_HC_Init
                0x000000000800479c      0x100 ./Drivers/STM32F4xx_HAL_Driver/Src/stm32f4xx_ll_usb.o
                0x000000000800479c                USB_HC_Init
 .text.USB_HC_ReadInterrupt
                0x000000000800489c        0xa ./Drivers/STM32F4xx_HAL_Driver/Src/stm32f4xx_ll_usb.o
                0x000000000800489c                USB_HC_ReadInterrupt
 .text.USB_HC_Halt
                0x00000000080048a6       0xb8 ./Drivers/STM32F4xx_HAL_Driver/Src/stm32f4xx_ll_usb.o
                0x00000000080048a6                USB_HC_Halt
 *fill*         0x000000000800495e        0x2 
 .text.USB_DoPing
                0x0000000008004960       0x24 ./Drivers/STM32F4xx_HAL_Driver/Src/stm32f4xx_ll_usb.o
                0x0000000008004960                USB_DoPing
 .text.USB_HC_StartXfer
                0x0000000008004984      0x14c ./Drivers/STM32F4xx_HAL_Driver/Src/stm32f4xx_ll_usb.o
                0x0000000008004984                USB_HC_StartXfer
 .text.USB_StopHost
                0x0000000008004ad0       0x80 ./Drivers/STM32F4xx_HAL_Driver/Src/stm32f4xx_ll_usb.o
                0x0000000008004ad0                USB_StopHost
 .text.USBH_CDC_SOFProcess
                0x0000000008004b50        0x4 ./Middlewares/ST/STM32_USB_Host_Library/Class/CDC/Src/usbh_cdc.o
 .text.USBH_CDC_InterfaceDeInit
                0x0000000008004b54       0x62 ./Middlewares/ST/STM32_USB_Host_Library/Class/CDC/Src/usbh_cdc.o
 .text.USBH_CDC_InterfaceInit
                0x0000000008004bb6      0x14a ./Middlewares/ST/STM32_USB_Host_Library/Class/CDC/Src/usbh_cdc.o
 .text.USBH_CDC_ClassRequest
                0x0000000008004d00       0x30 ./Middlewares/ST/STM32_USB_Host_Library/Class/CDC/Src/usbh_cdc.o
 .text.USBH_CDC_TransmitCallback
                0x0000000008004d30        0x2 ./Middlewares/ST/STM32_USB_Host_Library/Class/CDC/Src/usbh_cdc.o
                0x0000000008004d30                USBH_CDC_TransmitCallback
 .text.USBH_CDC_ReceiveCallback
                0x0000000008004d32        0x2 ./Middlewares/ST/STM32_USB_Host_Library/Class/CDC/Src/usbh_cdc.o
                0x0000000008004d32                USBH_CDC_ReceiveCallback
 .text.USBH_CDC_LineCodingChanged
                0x0000000008004d34        0x2 ./Middlewares/ST/STM32_USB_Host_Library/Class/CDC/Src/usbh_cdc.o
                0x0000000008004d34                USBH_CDC_LineCodingChanged
 .text.USBH_CDC_Process
                0x0000000008004d36      0x178 ./Middlewares/ST/STM32_USB_Host_Library/Class/CDC/Src/usbh_cdc.o
 .text.DeInitStateMachine.isra.0
                0x0000000008004eae       0x3c ./Middlewares/ST/STM32_USB_Host_Library/Core/Src/usbh_core.o
 .text.USBH_Init
                0x0000000008004eea       0x3a ./Middlewares/ST/STM32_USB_Host_Library/Core/Src/usbh_core.o
                0x0000000008004eea                USBH_Init
 .text.USBH_RegisterClass
                0x0000000008004f24       0x1a ./Middlewares/ST/STM32_USB_Host_Library/Core/Src/usbh_core.o
                0x0000000008004f24                USBH_RegisterClass
 .text.USBH_SelectInterface
                0x0000000008004f3e       0x12 ./Middlewares/ST/STM32_USB_Host_Library/Core/Src/usbh_core.o
                0x0000000008004f3e                USBH_SelectInterface
 .text.USBH_FindInterface
                0x0000000008004f50       0x38 ./Middlewares/ST/STM32_USB_Host_Library/Core/Src/usbh_core.o
                0x0000000008004f50                USBH_FindInterface
 .text.USBH_Start
                0x0000000008004f88       0x14 ./Middlewares/ST/STM32_USB_Host_Library/Core/Src/usbh_core.o
                0x0000000008004f88                USBH_Start
 .text.USBH_Process
                0x0000000008004f9c      0x3da ./Middlewares/ST/STM32_USB_Host_Library/Core/Src/usbh_core.o
                0x0000000008004f9c                USBH_Process
 .text.USBH_LL_SetTimer
                0x0000000008005376        0x6 ./Middlewares/ST/STM32_USB_Host_Library/Core/Src/usbh_core.o
                0x0000000008005376                USBH_LL_SetTimer
 .text.USBH_LL_IncTimer
                0x000000000800537c       0x1c ./Middlewares/ST/STM32_USB_Host_Library/Core/Src/usbh_core.o
                0x000000000800537c                USBH_LL_IncTimer
 .text.USBH_LL_PortEnabled
                0x0000000008005398        0x8 ./Middlewares/ST/STM32_USB_Host_Library/Core/Src/usbh_core.o
                0x0000000008005398                USBH_LL_PortEnabled
 .text.USBH_LL_PortDisabled
                0x00000000080053a0        0x8 ./Middlewares/ST/STM32_USB_Host_Library/Core/Src/usbh_core.o
                0x00000000080053a0                USBH_LL_PortDisabled
 .text.USBH_LL_Connect
                0x00000000080053a8       0x14 ./Middlewares/ST/STM32_USB_Host_Library/Core/Src/usbh_core.o
                0x00000000080053a8                USBH_LL_Connect
 .text.USBH_LL_Disconnect
                0x00000000080053bc       0x2c ./Middlewares/ST/STM32_USB_Host_Library/Core/Src/usbh_core.o
                0x00000000080053bc                USBH_LL_Disconnect
 .text.USBH_CtlReq
                0x00000000080053e8      0x176 ./Middlewares/ST/STM32_USB_Host_Library/Core/Src/usbh_ctlreq.o
                0x00000000080053e8                USBH_CtlReq
 .text.USBH_GetDescriptor
                0x000000000800555e       0x38 ./Middlewares/ST/STM32_USB_Host_Library/Core/Src/usbh_ctlreq.o
                0x000000000800555e                USBH_GetDescriptor
 *fill*         0x0000000008005596        0x2 
 .text.USBH_Get_DevDesc
                0x0000000008005598       0xb4 ./Middlewares/ST/STM32_USB_Host_Library/Core/Src/usbh_ctlreq.o
                0x0000000008005598                USBH_Get_DevDesc
 .text.USBH_Get_CfgDesc
                0x000000000800564c      0x1ce ./Middlewares/ST/STM32_USB_Host_Library/Core/Src/usbh_ctlreq.o
                0x000000000800564c                USBH_Get_CfgDesc
 .text.USBH_Get_StringDesc
                0x000000000800581a       0x4e ./Middlewares/ST/STM32_USB_Host_Library/Core/Src/usbh_ctlreq.o
                0x000000000800581a                USBH_Get_StringDesc
 .text.USBH_SetAddress
                0x0000000008005868       0x1a ./Middlewares/ST/STM32_USB_Host_Library/Core/Src/usbh_ctlreq.o
                0x0000000008005868                USBH_SetAddress
 .text.USBH_SetCfg
                0x0000000008005882       0x1a ./Middlewares/ST/STM32_USB_Host_Library/Core/Src/usbh_ctlreq.o
                0x0000000008005882                USBH_SetCfg
 .text.USBH_SetFeature
                0x000000000800589c       0x1a ./Middlewares/ST/STM32_USB_Host_Library/Core/Src/usbh_ctlreq.o
                0x000000000800589c                USBH_SetFeature
 .text.USBH_ClrFeature
                0x00000000080058b6       0x1a ./Middlewares/ST/STM32_USB_Host_Library/Core/Src/usbh_ctlreq.o
                0x00000000080058b6                USBH_ClrFeature
 .text.USBH_CtlSendSetup
                0x00000000080058d0       0x20 ./Middlewares/ST/STM32_USB_Host_Library/Core/Src/usbh_ioreq.o
                0x00000000080058d0                USBH_CtlSendSetup
 .text.USBH_CtlSendData
                0x00000000080058f0       0x2e ./Middlewares/ST/STM32_USB_Host_Library/Core/Src/usbh_ioreq.o
                0x00000000080058f0                USBH_CtlSendData
 .text.USBH_CtlReceiveData
                0x000000000800591e       0x20 ./Middlewares/ST/STM32_USB_Host_Library/Core/Src/usbh_ioreq.o
                0x000000000800591e                USBH_CtlReceiveData
 .text.USBH_BulkSendData
                0x000000000800593e       0x2e ./Middlewares/ST/STM32_USB_Host_Library/Core/Src/usbh_ioreq.o
                0x000000000800593e                USBH_BulkSendData
 .text.USBH_BulkReceiveData
                0x000000000800596c       0x20 ./Middlewares/ST/STM32_USB_Host_Library/Core/Src/usbh_ioreq.o
                0x000000000800596c                USBH_BulkReceiveData
 .text.USBH_OpenPipe
                0x000000000800598c       0x1e ./Middlewares/ST/STM32_USB_Host_Library/Core/Src/usbh_pipes.o
                0x000000000800598c                USBH_OpenPipe
 .text.USBH_ClosePipe
                0x00000000080059aa        0xa ./Middlewares/ST/STM32_USB_Host_Library/Core/Src/usbh_pipes.o
                0x00000000080059aa                USBH_ClosePipe
 .text.USBH_AllocPipe
                0x00000000080059b4       0x30 ./Middlewares/ST/STM32_USB_Host_Library/Core/Src/usbh_pipes.o
                0x00000000080059b4                USBH_AllocPipe
 .text.USBH_FreePipe
                0x00000000080059e4       0x18 ./Middlewares/ST/STM32_USB_Host_Library/Core/Src/usbh_pipes.o
                0x00000000080059e4                USBH_FreePipe
 .text.I2Cx_Init
                0x00000000080059fc       0xcc ./STM32F411E-Discovery/stm32f411e_discovery.o
 .text.I2Cx_ReadData
                0x0000000008005ac8       0x40 ./STM32F411E-Discovery/stm32f411e_discovery.o
 .text.I2Cx_WriteData
                0x0000000008005b08       0x3c ./STM32F411E-Discovery/stm32f411e_discovery.o
 .text.COMPASSACCELERO_IO_Init
                0x0000000008005b44       0x44 ./STM32F411E-Discovery/stm32f411e_discovery.o
                0x0000000008005b44                COMPASSACCELERO_IO_Init
 .text.COMPASSACCELERO_IO_ITConfig
                0x0000000008005b88       0x50 ./STM32F411E-Discovery/stm32f411e_discovery.o
                0x0000000008005b88                COMPASSACCELERO_IO_ITConfig
 .text.COMPASSACCELERO_IO_Write
                0x0000000008005bd8        0x4 ./STM32F411E-Discovery/stm32f411e_discovery.o
                0x0000000008005bd8                COMPASSACCELERO_IO_Write
 .text.COMPASSACCELERO_IO_Read
                0x0000000008005bdc        0x4 ./STM32F411E-Discovery/stm32f411e_discovery.o
                0x0000000008005bdc                COMPASSACCELERO_IO_Read
 .text.BSP_ACCELERO_Init
                0x0000000008005be0       0x4c ./STM32F411E-Discovery/stm32f411e_discovery_accelerometer.o
                0x0000000008005be0                BSP_ACCELERO_Init
 .text.BSP_ACCELERO_GetXYZ
                0x0000000008005c2c       0x2c ./STM32F411E-Discovery/stm32f411e_discovery_accelerometer.o
                0x0000000008005c2c                BSP_ACCELERO_GetXYZ
 .text.USBH_UserProcess
                0x0000000008005c58       0x24 ./USB_HOST/App/usb_host.o
 .text.MX_USB_HOST_Init
                0x0000000008005c7c       0x40 ./USB_HOST/App/usb_host.o
                0x0000000008005c7c                MX_USB_HOST_Init
 .text.MX_USB_HOST_Process
                0x0000000008005cbc        0xc ./USB_HOST/App/usb_host.o
                0x0000000008005cbc                MX_USB_HOST_Process
 .text.HAL_HCD_MspInit
                0x0000000008005cc8       0x94 ./USB_HOST/Target/usbh_conf.o
                0x0000000008005cc8                HAL_HCD_MspInit
 .text.HAL_HCD_SOF_Callback
                0x0000000008005d5c        0x8 ./USB_HOST/Target/usbh_conf.o
                0x0000000008005d5c                HAL_HCD_SOF_Callback
 .text.HAL_HCD_Connect_Callback
                0x0000000008005d64        0x8 ./USB_HOST/Target/usbh_conf.o
                0x0000000008005d64                HAL_HCD_Connect_Callback
 .text.HAL_HCD_Disconnect_Callback
                0x0000000008005d6c        0x8 ./USB_HOST/Target/usbh_conf.o
                0x0000000008005d6c                HAL_HCD_Disconnect_Callback
 .text.HAL_HCD_HC_NotifyURBChange_Callback
                0x0000000008005d74        0x2 ./USB_HOST/Target/usbh_conf.o
                0x0000000008005d74                HAL_HCD_HC_NotifyURBChange_Callback
 .text.HAL_HCD_PortEnabled_Callback
                0x0000000008005d76        0x8 ./USB_HOST/Target/usbh_conf.o
                0x0000000008005d76                HAL_HCD_PortEnabled_Callback
 .text.HAL_HCD_PortDisabled_Callback
                0x0000000008005d7e        0x8 ./USB_HOST/Target/usbh_conf.o
                0x0000000008005d7e                HAL_HCD_PortDisabled_Callback
 *fill*         0x0000000008005d86        0x2 
 .text.USBH_LL_Init
                0x0000000008005d88       0x4c ./USB_HOST/Target/usbh_conf.o
                0x0000000008005d88                USBH_LL_Init
 .text.USBH_LL_GetSpeed
                0x0000000008005dd4       0x14 ./USB_HOST/Target/usbh_conf.o
                0x0000000008005dd4                USBH_LL_GetSpeed
 .text.USBH_LL_GetLastXferSize
                0x0000000008005de8        0x8 ./USB_HOST/Target/usbh_conf.o
                0x0000000008005de8                USBH_LL_GetLastXferSize
 .text.USBH_LL_GetURBState
                0x0000000008005df0        0x8 ./USB_HOST/Target/usbh_conf.o
                0x0000000008005df0                USBH_LL_GetURBState
 .text.USBH_LL_DriverVBUS
                0x0000000008005df8       0x1a ./USB_HOST/Target/usbh_conf.o
                0x0000000008005df8                USBH_LL_DriverVBUS
 .text.USBH_LL_SetToggle
                0x0000000008005e12       0x1e ./USB_HOST/Target/usbh_conf.o
                0x0000000008005e12                USBH_LL_SetToggle
 .text.USBH_Delay
                0x0000000008005e30        0x4 ./USB_HOST/Target/usbh_conf.o
                0x0000000008005e30                USBH_Delay
 .text.USBH_Get_USB_Status
                0x0000000008005e34       0x10 ./USB_HOST/Target/usbh_conf.o
                0x0000000008005e34                USBH_Get_USB_Status
 .text.USBH_LL_Start
                0x0000000008005e44       0x12 ./USB_HOST/Target/usbh_conf.o
                0x0000000008005e44                USBH_LL_Start
 .text.USBH_LL_Stop
                0x0000000008005e56       0x12 ./USB_HOST/Target/usbh_conf.o
                0x0000000008005e56                USBH_LL_Stop
 .text.USBH_LL_ResetPort
                0x0000000008005e68       0x12 ./USB_HOST/Target/usbh_conf.o
                0x0000000008005e68                USBH_LL_ResetPort
 .text.USBH_LL_OpenPipe
                0x0000000008005e7a       0x26 ./USB_HOST/Target/usbh_conf.o
                0x0000000008005e7a                USBH_LL_OpenPipe
 .text.USBH_LL_ClosePipe
                0x0000000008005ea0       0x12 ./USB_HOST/Target/usbh_conf.o
                0x0000000008005ea0                USBH_LL_ClosePipe
 .text.USBH_LL_SubmitURB
                0x0000000008005eb2       0x2a ./USB_HOST/Target/usbh_conf.o
                0x0000000008005eb2                USBH_LL_SubmitURB
 .text.MX_DriverVbusFS
                0x0000000008005edc       0x14 ./USB_HOST/Target/usbh_platform.o
                0x0000000008005edc                MX_DriverVbusFS
 .text.malloc   0x0000000008005ef0       0x10 /Applications/STM32CubeIDE.app/Contents/Eclipse/plugins/com.st.stm32cube.ide.mcu.externaltools.gnu-tools-for-stm32.11.3.rel1.macos64_1.1.1.202309131626/tools/bin/../lib/gcc/arm-none-eabi/11.3.1/../../../../arm-none-eabi/lib/thumb/v7e-m+fp/hard/libc_nano.a(libc_a-malloc.o)
                0x0000000008005ef0                malloc
 .text.free     0x0000000008005f00       0x10 /Applications/STM32CubeIDE.app/Contents/Eclipse/plugins/com.st.stm32cube.ide.mcu.externaltools.gnu-tools-for-stm32.11.3.rel1.macos64_1.1.1.202309131626/tools/bin/../lib/gcc/arm-none-eabi/11.3.1/../../../../arm-none-eabi/lib/thumb/v7e-m+fp/hard/libc_nano.a(libc_a-malloc.o)
                0x0000000008005f00                free
 .text.sbrk_aligned
                0x0000000008005f10       0x40 /Applications/STM32CubeIDE.app/Contents/Eclipse/plugins/com.st.stm32cube.ide.mcu.externaltools.gnu-tools-for-stm32.11.3.rel1.macos64_1.1.1.202309131626/tools/bin/../lib/gcc/arm-none-eabi/11.3.1/../../../../arm-none-eabi/lib/thumb/v7e-m+fp/hard/libc_nano.a(libc_a-mallocr.o)
 .text._malloc_r
                0x0000000008005f50      0x100 /Applications/STM32CubeIDE.app/Contents/Eclipse/plugins/com.st.stm32cube.ide.mcu.externaltools.gnu-tools-for-stm32.11.3.rel1.macos64_1.1.1.202309131626/tools/bin/../lib/gcc/arm-none-eabi/11.3.1/../../../../arm-none-eabi/lib/thumb/v7e-m+fp/hard/libc_nano.a(libc_a-mallocr.o)
                0x0000000008005f50                _malloc_r
 .text.__malloc_lock
                0x0000000008006050        0xc /Applications/STM32CubeIDE.app/Contents/Eclipse/plugins/com.st.stm32cube.ide.mcu.externaltools.gnu-tools-for-stm32.11.3.rel1.macos64_1.1.1.202309131626/tools/bin/../lib/gcc/arm-none-eabi/11.3.1/../../../../arm-none-eabi/lib/thumb/v7e-m+fp/hard/libc_nano.a(libc_a-mlock.o)
                0x0000000008006050                __malloc_lock
 .text.__malloc_unlock
                0x000000000800605c        0xc /Applications/STM32CubeIDE.app/Contents/Eclipse/plugins/com.st.stm32cube.ide.mcu.externaltools.gnu-tools-for-stm32.11.3.rel1.macos64_1.1.1.202309131626/tools/bin/../lib/gcc/arm-none-eabi/11.3.1/../../../../arm-none-eabi/lib/thumb/v7e-m+fp/hard/libc_nano.a(libc_a-mlock.o)
                0x000000000800605c                __malloc_unlock
 .text.memset   0x0000000008006068       0x10 /Applications/STM32CubeIDE.app/Contents/Eclipse/plugins/com.st.stm32cube.ide.mcu.externaltools.gnu-tools-for-stm32.11.3.rel1.macos64_1.1.1.202309131626/tools/bin/../lib/gcc/arm-none-eabi/11.3.1/../../../../arm-none-eabi/lib/thumb/v7e-m+fp/hard/libc_nano.a(libc_a-memset.o)
                0x0000000008006068                memset
 .text._sbrk_r  0x0000000008006078       0x20 /Applications/STM32CubeIDE.app/Contents/Eclipse/plugins/com.st.stm32cube.ide.mcu.externaltools.gnu-tools-for-stm32.11.3.rel1.macos64_1.1.1.202309131626/tools/bin/../lib/gcc/arm-none-eabi/11.3.1/../../../../arm-none-eabi/lib/thumb/v7e-m+fp/hard/libc_nano.a(libc_a-sbrkr.o)
                0x0000000008006078                _sbrk_r
 .text.__errno  0x0000000008006098        0xc /Applications/STM32CubeIDE.app/Contents/Eclipse/plugins/com.st.stm32cube.ide.mcu.externaltools.gnu-tools-for-stm32.11.3.rel1.macos64_1.1.1.202309131626/tools/bin/../lib/gcc/arm-none-eabi/11.3.1/../../../../arm-none-eabi/lib/thumb/v7e-m+fp/hard/libc_nano.a(libc_a-errno.o)
                0x0000000008006098                __errno
 .text.__libc_init_array
                0x00000000080060a4       0x48 /Applications/STM32CubeIDE.app/Contents/Eclipse/plugins/com.st.stm32cube.ide.mcu.externaltools.gnu-tools-for-stm32.11.3.rel1.macos64_1.1.1.202309131626/tools/bin/../lib/gcc/arm-none-eabi/11.3.1/../../../../arm-none-eabi/lib/thumb/v7e-m+fp/hard/libc_nano.a(libc_a-init.o)
                0x00000000080060a4                __libc_init_array
 .text.__retarget_lock_acquire_recursive
                0x00000000080060ec        0x2 /Applications/STM32CubeIDE.app/Contents/Eclipse/plugins/com.st.stm32cube.ide.mcu.externaltools.gnu-tools-for-stm32.11.3.rel1.macos64_1.1.1.202309131626/tools/bin/../lib/gcc/arm-none-eabi/11.3.1/../../../../arm-none-eabi/lib/thumb/v7e-m+fp/hard/libc_nano.a(libc_a-lock.o)
                0x00000000080060ec                __retarget_lock_acquire_recursive
 .text.__retarget_lock_release_recursive
                0x00000000080060ee        0x2 /Applications/STM32CubeIDE.app/Contents/Eclipse/plugins/com.st.stm32cube.ide.mcu.externaltools.gnu-tools-for-stm32.11.3.rel1.macos64_1.1.1.202309131626/tools/bin/../lib/gcc/arm-none-eabi/11.3.1/../../../../arm-none-eabi/lib/thumb/v7e-m+fp/hard/libc_nano.a(libc_a-lock.o)
                0x00000000080060ee                __retarget_lock_release_recursive
 .text._free_r  0x00000000080060f0       0x98 /Applications/STM32CubeIDE.app/Contents/Eclipse/plugins/com.st.stm32cube.ide.mcu.externaltools.gnu-tools-for-stm32.11.3.rel1.macos64_1.1.1.202309131626/tools/bin/../lib/gcc/arm-none-eabi/11.3.1/../../../../arm-none-eabi/lib/thumb/v7e-m+fp/hard/libc_nano.a(libc_a-freer.o)
                0x00000000080060f0                _free_r
 .text.sqrtf    0x0000000008006188       0x3c /Applications/STM32CubeIDE.app/Contents/Eclipse/plugins/com.st.stm32cube.ide.mcu.externaltools.gnu-tools-for-stm32.11.3.rel1.macos64_1.1.1.202309131626/tools/bin/../lib/gcc/arm-none-eabi/11.3.1/../../../../arm-none-eabi/lib/thumb/v7e-m+fp/hard/libm.a(libm_a-wf_sqrt.o)
                0x0000000008006188                sqrtf
 .text.__ieee754_sqrtf
                0x00000000080061c4        0x6 /Applications/STM32CubeIDE.app/Contents/Eclipse/plugins/com.st.stm32cube.ide.mcu.externaltools.gnu-tools-for-stm32.11.3.rel1.macos64_1.1.1.202309131626/tools/bin/../lib/gcc/arm-none-eabi/11.3.1/../../../../arm-none-eabi/lib/thumb/v7e-m+fp/hard/libm.a(libm_a-ef_sqrt.o)
                0x00000000080061c4                __ieee754_sqrtf
 *(.glue_7)
 .glue_7        0x00000000080061ca        0x0 linker stubs
 *(.glue_7t)
 .glue_7t       0x00000000080061ca        0x0 linker stubs
 *(.eh_frame)
 *fill*         0x00000000080061ca        0x2 
 .eh_frame      0x00000000080061cc        0x0 /Applications/STM32CubeIDE.app/Contents/Eclipse/plugins/com.st.stm32cube.ide.mcu.externaltools.gnu-tools-for-stm32.11.3.rel1.macos64_1.1.1.202309131626/tools/bin/../lib/gcc/arm-none-eabi/11.3.1/thumb/v7e-m+fp/hard/crtbegin.o
 *(.init)
 .init          0x00000000080061cc        0x4 /Applications/STM32CubeIDE.app/Contents/Eclipse/plugins/com.st.stm32cube.ide.mcu.externaltools.gnu-tools-for-stm32.11.3.rel1.macos64_1.1.1.202309131626/tools/bin/../lib/gcc/arm-none-eabi/11.3.1/thumb/v7e-m+fp/hard/crti.o
                0x00000000080061cc                _init
 .init          0x00000000080061d0        0x8 /Applications/STM32CubeIDE.app/Contents/Eclipse/plugins/com.st.stm32cube.ide.mcu.externaltools.gnu-tools-for-stm32.11.3.rel1.macos64_1.1.1.202309131626/tools/bin/../lib/gcc/arm-none-eabi/11.3.1/thumb/v7e-m+fp/hard/crtn.o
 *(.fini)
 .fini          0x00000000080061d8        0x4 /Applications/STM32CubeIDE.app/Contents/Eclipse/plugins/com.st.stm32cube.ide.mcu.externaltools.gnu-tools-for-stm32.11.3.rel1.macos64_1.1.1.202309131626/tools/bin/../lib/gcc/arm-none-eabi/11.3.1/thumb/v7e-m+fp/hard/crti.o
                0x00000000080061d8                _fini
 .fini          0x00000000080061dc        0x8 /Applications/STM32CubeIDE.app/Contents/Eclipse/plugins/com.st.stm32cube.ide.mcu.externaltools.gnu-tools-for-stm32.11.3.rel1.macos64_1.1.1.202309131626/tools/bin/../lib/gcc/arm-none-eabi/11.3.1/thumb/v7e-m+fp/hard/crtn.o
                0x00000000080061e4                . = ALIGN (0x4)
                0x00000000080061e4                _etext = .

.vfp11_veneer   0x00000000080061e4        0x0
 .vfp11_veneer  0x00000000080061e4        0x0 linker stubs

.v4_bx          0x00000000080061e4        0x0
 .v4_bx         0x00000000080061e4        0x0 linker stubs

.iplt           0x00000000080061e4        0x0
 .iplt          0x00000000080061e4        0x0 /Applications/STM32CubeIDE.app/Contents/Eclipse/plugins/com.st.stm32cube.ide.mcu.externaltools.gnu-tools-for-stm32.11.3.rel1.macos64_1.1.1.202309131626/tools/bin/../lib/gcc/arm-none-eabi/11.3.1/thumb/v7e-m+fp/hard/crtbegin.o

.rodata         0x00000000080061e4       0x20
                0x00000000080061e4                . = ALIGN (0x4)
 *(.rodata)
 *(.rodata*)
 .rodata.AHBPrescTable
                0x00000000080061e4       0x10 ./Core/Src/system_stm32f4xx.o
                0x00000000080061e4                AHBPrescTable
 .rodata.APBPrescTable
                0x00000000080061f4        0x8 ./Core/Src/system_stm32f4xx.o
                0x00000000080061f4                APBPrescTable
 .rodata.str1.1
                0x00000000080061fc        0x4 ./Middlewares/ST/STM32_USB_Host_Library/Class/CDC/Src/usbh_cdc.o
 .rodata.CSWTCH.19
                0x0000000008006200        0x4 ./USB_HOST/Target/usbh_conf.o
                0x0000000008006204                . = ALIGN (0x4)

.ARM.extab      0x0000000008006204        0x0
                0x0000000008006204                . = ALIGN (0x4)
 *(.ARM.extab* .gnu.linkonce.armextab.*)
                0x0000000008006204                . = ALIGN (0x4)

.ARM            0x0000000008006204        0x8
                0x0000000008006204                . = ALIGN (0x4)
                0x0000000008006204                __exidx_start = .
 *(.ARM.exidx*)
 .ARM.exidx     0x0000000008006204        0x8 /Applications/STM32CubeIDE.app/Contents/Eclipse/plugins/com.st.stm32cube.ide.mcu.externaltools.gnu-tools-for-stm32.11.3.rel1.macos64_1.1.1.202309131626/tools/bin/../lib/gcc/arm-none-eabi/11.3.1/thumb/v7e-m+fp/hard/libgcc.a(_udivmoddi4.o)
                0x000000000800620c                __exidx_end = .
                0x000000000800620c                . = ALIGN (0x4)

.rel.dyn        0x000000000800620c        0x0
 .rel.iplt      0x000000000800620c        0x0 /Applications/STM32CubeIDE.app/Contents/Eclipse/plugins/com.st.stm32cube.ide.mcu.externaltools.gnu-tools-for-stm32.11.3.rel1.macos64_1.1.1.202309131626/tools/bin/../lib/gcc/arm-none-eabi/11.3.1/thumb/v7e-m+fp/hard/crtbegin.o

.preinit_array  0x000000000800620c        0x0
                0x000000000800620c                . = ALIGN (0x4)
                0x000000000800620c                PROVIDE (__preinit_array_start = .)
 *(.preinit_array*)
                0x000000000800620c                PROVIDE (__preinit_array_end = .)
                0x000000000800620c                . = ALIGN (0x4)

.init_array     0x000000000800620c        0x4
                0x000000000800620c                . = ALIGN (0x4)
                0x000000000800620c                PROVIDE (__init_array_start = .)
 *(SORT_BY_NAME(.init_array.*))
 *(.init_array*)
 .init_array    0x000000000800620c        0x4 /Applications/STM32CubeIDE.app/Contents/Eclipse/plugins/com.st.stm32cube.ide.mcu.externaltools.gnu-tools-for-stm32.11.3.rel1.macos64_1.1.1.202309131626/tools/bin/../lib/gcc/arm-none-eabi/11.3.1/thumb/v7e-m+fp/hard/crtbegin.o
                0x0000000008006210                PROVIDE (__init_array_end = .)
                0x0000000008006210                . = ALIGN (0x4)

.fini_array     0x0000000008006210        0x4
                0x0000000008006210                . = ALIGN (0x4)
                [!provide]                        PROVIDE (__fini_array_start = .)
 *(SORT_BY_NAME(.fini_array.*))
 *(.fini_array*)
 .fini_array    0x0000000008006210        0x4 /Applications/STM32CubeIDE.app/Contents/Eclipse/plugins/com.st.stm32cube.ide.mcu.externaltools.gnu-tools-for-stm32.11.3.rel1.macos64_1.1.1.202309131626/tools/bin/../lib/gcc/arm-none-eabi/11.3.1/thumb/v7e-m+fp/hard/crtbegin.o
                [!provide]                        PROVIDE (__fini_array_end = .)
                0x0000000008006214                . = ALIGN (0x4)
                0x0000000008006214                _sidata = LOADADDR (.data)

.data           0x0000000020000000      0x24c load address 0x0000000008006214
                0x0000000020000000                . = ALIGN (0x4)
                0x0000000020000000                _sdata = .
 *(.data)
 *(.data*)
 .data.Lsm303agrDrv
                0x0000000020000000       0x34 ./Components/lsm303agr/lsm303agr.o
                0x0000000020000000                Lsm303agrDrv
 .data.Lsm303dlhcDrv
                0x0000000020000034       0x34 ./Components/lsm303dlhc/lsm303dlhc.o
                0x0000000020000034                Lsm303dlhcDrv
 .data.LEDazul  0x0000000020000068       0x60 ./Core/Src/main.o
 .data.P1       0x00000000200000c8       0xb0 ./Core/Src/main.o
 .data.minimo   0x0000000020000178        0x4 ./Core/Src/main.o
 .data.muestreoP1
                0x000000002000017c       0x50 ./Core/Src/main.o
 .data.SystemCoreClock
                0x00000000200001cc        0x4 ./Core/Src/system_stm32f4xx.o
                0x00000000200001cc                SystemCoreClock
 .data.uwTickFreq
                0x00000000200001d0        0x1 ./Drivers/STM32F4xx_HAL_Driver/Src/stm32f4xx_hal.o
                0x00000000200001d0                uwTickFreq
 *fill*         0x00000000200001d1        0x3 
 .data.uwTickPrio
                0x00000000200001d4        0x4 ./Drivers/STM32F4xx_HAL_Driver/Src/stm32f4xx_hal.o
                0x00000000200001d4                uwTickPrio
 .data.CDC_Class
                0x00000000200001d8       0x20 ./Middlewares/ST/STM32_USB_Host_Library/Class/CDC/Src/usbh_cdc.o
                0x00000000200001d8                CDC_Class
 .data.I2cxTimeout
                0x00000000200001f8        0x4 ./STM32F411E-Discovery/stm32f411e_discovery.o
                0x00000000200001f8                I2cxTimeout
 .data._impure_data
                0x00000000200001fc       0x4c /Applications/STM32CubeIDE.app/Contents/Eclipse/plugins/com.st.stm32cube.ide.mcu.externaltools.gnu-tools-for-stm32.11.3.rel1.macos64_1.1.1.202309131626/tools/bin/../lib/gcc/arm-none-eabi/11.3.1/../../../../arm-none-eabi/lib/thumb/v7e-m+fp/hard/libc_nano.a(libc_a-impure.o)
                0x00000000200001fc                _impure_data
 .data._impure_ptr
                0x0000000020000248        0x4 /Applications/STM32CubeIDE.app/Contents/Eclipse/plugins/com.st.stm32cube.ide.mcu.externaltools.gnu-tools-for-stm32.11.3.rel1.macos64_1.1.1.202309131626/tools/bin/../lib/gcc/arm-none-eabi/11.3.1/../../../../arm-none-eabi/lib/thumb/v7e-m+fp/hard/libc_nano.a(libc_a-impure.o)
                0x0000000020000248                _impure_ptr
 *(.RamFunc)
 *(.RamFunc*)
                0x000000002000024c                . = ALIGN (0x4)
                0x000000002000024c                _edata = .

.igot.plt       0x000000002000024c        0x0 load address 0x0000000008006460
 .igot.plt      0x000000002000024c        0x0 /Applications/STM32CubeIDE.app/Contents/Eclipse/plugins/com.st.stm32cube.ide.mcu.externaltools.gnu-tools-for-stm32.11.3.rel1.macos64_1.1.1.202309131626/tools/bin/../lib/gcc/arm-none-eabi/11.3.1/thumb/v7e-m+fp/hard/crtbegin.o
                0x000000002000024c                . = ALIGN (0x4)

.bss            0x000000002000024c      0xb20 load address 0x0000000008006460
                0x000000002000024c                _sbss = .
                0x000000002000024c                __bss_start__ = _sbss
 *(.bss)
 .bss           0x000000002000024c       0x1c /Applications/STM32CubeIDE.app/Contents/Eclipse/plugins/com.st.stm32cube.ide.mcu.externaltools.gnu-tools-for-stm32.11.3.rel1.macos64_1.1.1.202309131626/tools/bin/../lib/gcc/arm-none-eabi/11.3.1/thumb/v7e-m+fp/hard/crtbegin.o
 *(.bss*)
 .bss.hi2c1     0x0000000020000268       0x54 ./Core/Src/i2c.o
                0x0000000020000268                hi2c1
 .bss.hi2s2     0x00000000200002bc       0x48 ./Core/Src/i2s.o
                0x00000000200002bc                hi2s2
 .bss.hi2s3     0x0000000020000304       0x48 ./Core/Src/i2s.o
                0x0000000020000304                hi2s3
 .bss.SA        0x000000002000034c        0x4 ./Core/Src/main.o
                0x000000002000034c                SA
 .bss.boton     0x0000000020000350        0x4 ./Core/Src/main.o
                0x0000000020000350                boton
 .bss.delta     0x0000000020000354        0x4 ./Core/Src/main.o
                0x0000000020000354                delta
 .bss.maximo    0x0000000020000358        0x4 ./Core/Src/main.o
 .bss.muestras  0x000000002000035c        0x4 ./Core/Src/main.o
 .bss.tiempo_t1
                0x0000000020000360        0x4 ./Core/Src/main.o
                0x0000000020000360                tiempo_t1
 .bss.tiempo_t2
                0x0000000020000364        0x4 ./Core/Src/main.o
                0x0000000020000364                tiempo_t2
 .bss.tiempo_t3
                0x0000000020000368        0x4 ./Core/Src/main.o
                0x0000000020000368                tiempo_t3
 .bss.hspi1     0x000000002000036c       0x58 ./Core/Src/spi.o
                0x000000002000036c                hspi1
 .bss.__sbrk_heap_end
                0x00000000200003c4        0x4 ./Core/Src/sysmem.o
 .bss.htim10    0x00000000200003c8       0x48 ./Core/Src/tim.o
                0x00000000200003c8                htim10
 .bss.htim2     0x0000000020000410       0x48 ./Core/Src/tim.o
                0x0000000020000410                htim2
 .bss.htim3     0x0000000020000458       0x48 ./Core/Src/tim.o
                0x0000000020000458                htim3
 .bss.htim4     0x00000000200004a0       0x48 ./Core/Src/tim.o
                0x00000000200004a0                htim4
 .bss.uwTick    0x00000000200004e8        0x4 ./Drivers/STM32F4xx_HAL_Driver/Src/stm32f4xx_hal.o
                0x00000000200004e8                uwTick
 .bss.I2cHandle
                0x00000000200004ec       0x54 ./STM32F411E-Discovery/stm32f411e_discovery.o
 .bss.AccelerometerDrv
                0x0000000020000540        0x4 ./STM32F411E-Discovery/stm32f411e_discovery_accelerometer.o
 .bss.Appli_state
                0x0000000020000544        0x1 ./USB_HOST/App/usb_host.o
                0x0000000020000544                Appli_state
 *fill*         0x0000000020000545        0x3 
 .bss.hUsbHostFS
                0x0000000020000548      0x3d8 ./USB_HOST/App/usb_host.o
                0x0000000020000548                hUsbHostFS
 .bss.hhcd_USB_OTG_FS
                0x0000000020000920      0x304 ./USB_HOST/Target/usbh_conf.o
                0x0000000020000920                hhcd_USB_OTG_FS
 .bss.__malloc_free_list
                0x0000000020000c24        0x4 /Applications/STM32CubeIDE.app/Contents/Eclipse/plugins/com.st.stm32cube.ide.mcu.externaltools.gnu-tools-for-stm32.11.3.rel1.macos64_1.1.1.202309131626/tools/bin/../lib/gcc/arm-none-eabi/11.3.1/../../../../arm-none-eabi/lib/thumb/v7e-m+fp/hard/libc_nano.a(libc_a-mallocr.o)
                0x0000000020000c24                __malloc_free_list
 .bss.__malloc_sbrk_start
                0x0000000020000c28        0x4 /Applications/STM32CubeIDE.app/Contents/Eclipse/plugins/com.st.stm32cube.ide.mcu.externaltools.gnu-tools-for-stm32.11.3.rel1.macos64_1.1.1.202309131626/tools/bin/../lib/gcc/arm-none-eabi/11.3.1/../../../../arm-none-eabi/lib/thumb/v7e-m+fp/hard/libc_nano.a(libc_a-mallocr.o)
                0x0000000020000c28                __malloc_sbrk_start
 .bss.__sf      0x0000000020000c2c      0x138 /Applications/STM32CubeIDE.app/Contents/Eclipse/plugins/com.st.stm32cube.ide.mcu.externaltools.gnu-tools-for-stm32.11.3.rel1.macos64_1.1.1.202309131626/tools/bin/../lib/gcc/arm-none-eabi/11.3.1/../../../../arm-none-eabi/lib/thumb/v7e-m+fp/hard/libc_nano.a(libc_a-findfp.o)
                0x0000000020000c2c                __sf
 .bss.__lock___malloc_recursive_mutex
                0x0000000020000d64        0x1 /Applications/STM32CubeIDE.app/Contents/Eclipse/plugins/com.st.stm32cube.ide.mcu.externaltools.gnu-tools-for-stm32.11.3.rel1.macos64_1.1.1.202309131626/tools/bin/../lib/gcc/arm-none-eabi/11.3.1/../../../../arm-none-eabi/lib/thumb/v7e-m+fp/hard/libc_nano.a(libc_a-lock.o)
                0x0000000020000d64                __lock___malloc_recursive_mutex
 *fill*         0x0000000020000d65        0x3 
 .bss.errno     0x0000000020000d68        0x4 /Applications/STM32CubeIDE.app/Contents/Eclipse/plugins/com.st.stm32cube.ide.mcu.externaltools.gnu-tools-for-stm32.11.3.rel1.macos64_1.1.1.202309131626/tools/bin/../lib/gcc/arm-none-eabi/11.3.1/../../../../arm-none-eabi/lib/thumb/v7e-m+fp/hard/libc_nano.a(libc_a-reent.o)
                0x0000000020000d68                errno
 *(COMMON)
                0x0000000020000d6c                . = ALIGN (0x4)
                0x0000000020000d6c                _ebss = .
                0x0000000020000d6c                __bss_end__ = _ebss

._user_heap_stack
                0x0000000020000d6c      0x604 load address 0x0000000008006460
                0x0000000020000d70                . = ALIGN (0x8)
 *fill*         0x0000000020000d6c        0x4 
                [!provide]                        PROVIDE (end = .)
                0x0000000020000d70                PROVIDE (_end = .)
                0x0000000020000f70                . = (. + _Min_Heap_Size)
 *fill*         0x0000000020000d70      0x200 
                0x0000000020001370                . = (. + _Min_Stack_Size)
 *fill*         0x0000000020000f70      0x400 
                0x0000000020001370                . = ALIGN (0x8)

/DISCARD/
 libc.a(*)
 libm.a(*)
 libgcc.a(*)

.ARM.attributes
                0x0000000000000000       0x30
 *(.ARM.attributes)
 .ARM.attributes
                0x0000000000000000       0x1e /Applications/STM32CubeIDE.app/Contents/Eclipse/plugins/com.st.stm32cube.ide.mcu.externaltools.gnu-tools-for-stm32.11.3.rel1.macos64_1.1.1.202309131626/tools/bin/../lib/gcc/arm-none-eabi/11.3.1/thumb/v7e-m+fp/hard/crti.o
 .ARM.attributes
                0x000000000000001e       0x34 /Applications/STM32CubeIDE.app/Contents/Eclipse/plugins/com.st.stm32cube.ide.mcu.externaltools.gnu-tools-for-stm32.11.3.rel1.macos64_1.1.1.202309131626/tools/bin/../lib/gcc/arm-none-eabi/11.3.1/thumb/v7e-m+fp/hard/crtbegin.o
 .ARM.attributes
                0x0000000000000052       0x34 ./Components/lsm303agr/lsm303agr.o
 .ARM.attributes
                0x0000000000000086       0x34 ./Components/lsm303dlhc/lsm303dlhc.o
 .ARM.attributes
                0x00000000000000ba       0x34 ./Core/Src/fsm.o
 .ARM.attributes
                0x00000000000000ee       0x34 ./Core/Src/gpio.o
 .ARM.attributes
                0x0000000000000122       0x34 ./Core/Src/i2c.o
 .ARM.attributes
                0x0000000000000156       0x34 ./Core/Src/i2s.o
 .ARM.attributes
                0x000000000000018a       0x34 ./Core/Src/main.o
 .ARM.attributes
                0x00000000000001be       0x34 ./Core/Src/spi.o
 .ARM.attributes
                0x00000000000001f2       0x34 ./Core/Src/stm32f4xx_hal_msp.o
 .ARM.attributes
                0x0000000000000226       0x34 ./Core/Src/stm32f4xx_it.o
 .ARM.attributes
                0x000000000000025a       0x34 ./Core/Src/sysmem.o
 .ARM.attributes
                0x000000000000028e       0x34 ./Core/Src/system_stm32f4xx.o
 .ARM.attributes
                0x00000000000002c2       0x34 ./Core/Src/tim.o
 .ARM.attributes
                0x00000000000002f6       0x21 ./Core/Startup/startup_stm32f411vetx.o
 .ARM.attributes
                0x0000000000000317       0x34 ./Drivers/STM32F4xx_HAL_Driver/Src/stm32f4xx_hal.o
 .ARM.attributes
                0x000000000000034b       0x34 ./Drivers/STM32F4xx_HAL_Driver/Src/stm32f4xx_hal_cortex.o
 .ARM.attributes
                0x000000000000037f       0x34 ./Drivers/STM32F4xx_HAL_Driver/Src/stm32f4xx_hal_gpio.o
 .ARM.attributes
                0x00000000000003b3       0x34 ./Drivers/STM32F4xx_HAL_Driver/Src/stm32f4xx_hal_hcd.o
 .ARM.attributes
                0x00000000000003e7       0x34 ./Drivers/STM32F4xx_HAL_Driver/Src/stm32f4xx_hal_i2c.o
 .ARM.attributes
                0x000000000000041b       0x34 ./Drivers/STM32F4xx_HAL_Driver/Src/stm32f4xx_hal_i2s.o
 .ARM.attributes
                0x000000000000044f       0x34 ./Drivers/STM32F4xx_HAL_Driver/Src/stm32f4xx_hal_i2s_ex.o
 .ARM.attributes
                0x0000000000000483       0x34 ./Drivers/STM32F4xx_HAL_Driver/Src/stm32f4xx_hal_rcc.o
 .ARM.attributes
                0x00000000000004b7       0x34 ./Drivers/STM32F4xx_HAL_Driver/Src/stm32f4xx_hal_rcc_ex.o
 .ARM.attributes
                0x00000000000004eb       0x34 ./Drivers/STM32F4xx_HAL_Driver/Src/stm32f4xx_hal_spi.o
 .ARM.attributes
                0x000000000000051f       0x34 ./Drivers/STM32F4xx_HAL_Driver/Src/stm32f4xx_hal_tim.o
 .ARM.attributes
                0x0000000000000553       0x34 ./Drivers/STM32F4xx_HAL_Driver/Src/stm32f4xx_hal_tim_ex.o
 .ARM.attributes
                0x0000000000000587       0x34 ./Drivers/STM32F4xx_HAL_Driver/Src/stm32f4xx_ll_usb.o
 .ARM.attributes
                0x00000000000005bb       0x34 ./Middlewares/ST/STM32_USB_Host_Library/Class/CDC/Src/usbh_cdc.o
 .ARM.attributes
                0x00000000000005ef       0x34 ./Middlewares/ST/STM32_USB_Host_Library/Core/Src/usbh_core.o
 .ARM.attributes
                0x0000000000000623       0x34 ./Middlewares/ST/STM32_USB_Host_Library/Core/Src/usbh_ctlreq.o
 .ARM.attributes
                0x0000000000000657       0x34 ./Middlewares/ST/STM32_USB_Host_Library/Core/Src/usbh_ioreq.o
 .ARM.attributes
                0x000000000000068b       0x34 ./Middlewares/ST/STM32_USB_Host_Library/Core/Src/usbh_pipes.o
 .ARM.attributes
                0x00000000000006bf       0x34 ./STM32F411E-Discovery/stm32f411e_discovery.o
 .ARM.attributes
                0x00000000000006f3       0x34 ./STM32F411E-Discovery/stm32f411e_discovery_accelerometer.o
 .ARM.attributes
                0x0000000000000727       0x34 ./USB_HOST/App/usb_host.o
 .ARM.attributes
                0x000000000000075b       0x34 ./USB_HOST/Target/usbh_conf.o
 .ARM.attributes
                0x000000000000078f       0x34 ./USB_HOST/Target/usbh_platform.o
 .ARM.attributes
                0x00000000000007c3       0x34 /Applications/STM32CubeIDE.app/Contents/Eclipse/plugins/com.st.stm32cube.ide.mcu.externaltools.gnu-tools-for-stm32.11.3.rel1.macos64_1.1.1.202309131626/tools/bin/../lib/gcc/arm-none-eabi/11.3.1/../../../../arm-none-eabi/lib/thumb/v7e-m+fp/hard/libc_nano.a(libc_a-malloc.o)
 .ARM.attributes
                0x00000000000007f7       0x34 /Applications/STM32CubeIDE.app/Contents/Eclipse/plugins/com.st.stm32cube.ide.mcu.externaltools.gnu-tools-for-stm32.11.3.rel1.macos64_1.1.1.202309131626/tools/bin/../lib/gcc/arm-none-eabi/11.3.1/../../../../arm-none-eabi/lib/thumb/v7e-m+fp/hard/libc_nano.a(libc_a-mallocr.o)
 .ARM.attributes
                0x000000000000082b       0x34 /Applications/STM32CubeIDE.app/Contents/Eclipse/plugins/com.st.stm32cube.ide.mcu.externaltools.gnu-tools-for-stm32.11.3.rel1.macos64_1.1.1.202309131626/tools/bin/../lib/gcc/arm-none-eabi/11.3.1/../../../../arm-none-eabi/lib/thumb/v7e-m+fp/hard/libc_nano.a(libc_a-mlock.o)
 .ARM.attributes
                0x000000000000085f       0x34 /Applications/STM32CubeIDE.app/Contents/Eclipse/plugins/com.st.stm32cube.ide.mcu.externaltools.gnu-tools-for-stm32.11.3.rel1.macos64_1.1.1.202309131626/tools/bin/../lib/gcc/arm-none-eabi/11.3.1/../../../../arm-none-eabi/lib/thumb/v7e-m+fp/hard/libc_nano.a(libc_a-findfp.o)
 .ARM.attributes
                0x0000000000000893       0x34 /Applications/STM32CubeIDE.app/Contents/Eclipse/plugins/com.st.stm32cube.ide.mcu.externaltools.gnu-tools-for-stm32.11.3.rel1.macos64_1.1.1.202309131626/tools/bin/../lib/gcc/arm-none-eabi/11.3.1/../../../../arm-none-eabi/lib/thumb/v7e-m+fp/hard/libc_nano.a(libc_a-memset.o)
 .ARM.attributes
                0x00000000000008c7       0x34 /Applications/STM32CubeIDE.app/Contents/Eclipse/plugins/com.st.stm32cube.ide.mcu.externaltools.gnu-tools-for-stm32.11.3.rel1.macos64_1.1.1.202309131626/tools/bin/../lib/gcc/arm-none-eabi/11.3.1/../../../../arm-none-eabi/lib/thumb/v7e-m+fp/hard/libc_nano.a(libc_a-impure.o)
 .ARM.attributes
                0x00000000000008fb       0x34 /Applications/STM32CubeIDE.app/Contents/Eclipse/plugins/com.st.stm32cube.ide.mcu.externaltools.gnu-tools-for-stm32.11.3.rel1.macos64_1.1.1.202309131626/tools/bin/../lib/gcc/arm-none-eabi/11.3.1/../../../../arm-none-eabi/lib/thumb/v7e-m+fp/hard/libc_nano.a(libc_a-sbrkr.o)
 .ARM.attributes
                0x000000000000092f       0x34 /Applications/STM32CubeIDE.app/Contents/Eclipse/plugins/com.st.stm32cube.ide.mcu.externaltools.gnu-tools-for-stm32.11.3.rel1.macos64_1.1.1.202309131626/tools/bin/../lib/gcc/arm-none-eabi/11.3.1/../../../../arm-none-eabi/lib/thumb/v7e-m+fp/hard/libc_nano.a(libc_a-errno.o)
 .ARM.attributes
                0x0000000000000963       0x34 /Applications/STM32CubeIDE.app/Contents/Eclipse/plugins/com.st.stm32cube.ide.mcu.externaltools.gnu-tools-for-stm32.11.3.rel1.macos64_1.1.1.202309131626/tools/bin/../lib/gcc/arm-none-eabi/11.3.1/../../../../arm-none-eabi/lib/thumb/v7e-m+fp/hard/libc_nano.a(libc_a-init.o)
 .ARM.attributes
                0x0000000000000997       0x34 /Applications/STM32CubeIDE.app/Contents/Eclipse/plugins/com.st.stm32cube.ide.mcu.externaltools.gnu-tools-for-stm32.11.3.rel1.macos64_1.1.1.202309131626/tools/bin/../lib/gcc/arm-none-eabi/11.3.1/../../../../arm-none-eabi/lib/thumb/v7e-m+fp/hard/libc_nano.a(libc_a-lock.o)
 .ARM.attributes
                0x00000000000009cb       0x34 /Applications/STM32CubeIDE.app/Contents/Eclipse/plugins/com.st.stm32cube.ide.mcu.externaltools.gnu-tools-for-stm32.11.3.rel1.macos64_1.1.1.202309131626/tools/bin/../lib/gcc/arm-none-eabi/11.3.1/../../../../arm-none-eabi/lib/thumb/v7e-m+fp/hard/libc_nano.a(libc_a-freer.o)
 .ARM.attributes
                0x00000000000009ff       0x34 /Applications/STM32CubeIDE.app/Contents/Eclipse/plugins/com.st.stm32cube.ide.mcu.externaltools.gnu-tools-for-stm32.11.3.rel1.macos64_1.1.1.202309131626/tools/bin/../lib/gcc/arm-none-eabi/11.3.1/../../../../arm-none-eabi/lib/thumb/v7e-m+fp/hard/libc_nano.a(libc_a-reent.o)
 .ARM.attributes
                0x0000000000000a33       0x34 /Applications/STM32CubeIDE.app/Contents/Eclipse/plugins/com.st.stm32cube.ide.mcu.externaltools.gnu-tools-for-stm32.11.3.rel1.macos64_1.1.1.202309131626/tools/bin/../lib/gcc/arm-none-eabi/11.3.1/../../../../arm-none-eabi/lib/thumb/v7e-m+fp/hard/libm.a(libm_a-wf_sqrt.o)
 .ARM.attributes
                0x0000000000000a67       0x34 /Applications/STM32CubeIDE.app/Contents/Eclipse/plugins/com.st.stm32cube.ide.mcu.externaltools.gnu-tools-for-stm32.11.3.rel1.macos64_1.1.1.202309131626/tools/bin/../lib/gcc/arm-none-eabi/11.3.1/../../../../arm-none-eabi/lib/thumb/v7e-m+fp/hard/libm.a(libm_a-ef_sqrt.o)
 .ARM.attributes
                0x0000000000000a9b       0x1e /Applications/STM32CubeIDE.app/Contents/Eclipse/plugins/com.st.stm32cube.ide.mcu.externaltools.gnu-tools-for-stm32.11.3.rel1.macos64_1.1.1.202309131626/tools/bin/../lib/gcc/arm-none-eabi/11.3.1/thumb/v7e-m+fp/hard/libgcc.a(_arm_addsubdf3.o)
 .ARM.attributes
                0x0000000000000ab9       0x1e /Applications/STM32CubeIDE.app/Contents/Eclipse/plugins/com.st.stm32cube.ide.mcu.externaltools.gnu-tools-for-stm32.11.3.rel1.macos64_1.1.1.202309131626/tools/bin/../lib/gcc/arm-none-eabi/11.3.1/thumb/v7e-m+fp/hard/libgcc.a(_arm_truncdfsf2.o)
 .ARM.attributes
                0x0000000000000ad7       0x1e /Applications/STM32CubeIDE.app/Contents/Eclipse/plugins/com.st.stm32cube.ide.mcu.externaltools.gnu-tools-for-stm32.11.3.rel1.macos64_1.1.1.202309131626/tools/bin/../lib/gcc/arm-none-eabi/11.3.1/thumb/v7e-m+fp/hard/libgcc.a(_aeabi_uldivmod.o)
 .ARM.attributes
                0x0000000000000af5       0x34 /Applications/STM32CubeIDE.app/Contents/Eclipse/plugins/com.st.stm32cube.ide.mcu.externaltools.gnu-tools-for-stm32.11.3.rel1.macos64_1.1.1.202309131626/tools/bin/../lib/gcc/arm-none-eabi/11.3.1/thumb/v7e-m+fp/hard/libgcc.a(_udivmoddi4.o)
 .ARM.attributes
                0x0000000000000b29       0x1e /Applications/STM32CubeIDE.app/Contents/Eclipse/plugins/com.st.stm32cube.ide.mcu.externaltools.gnu-tools-for-stm32.11.3.rel1.macos64_1.1.1.202309131626/tools/bin/../lib/gcc/arm-none-eabi/11.3.1/thumb/v7e-m+fp/hard/libgcc.a(_dvmd_tls.o)
 .ARM.attributes
                0x0000000000000b47       0x1e /Applications/STM32CubeIDE.app/Contents/Eclipse/plugins/com.st.stm32cube.ide.mcu.externaltools.gnu-tools-for-stm32.11.3.rel1.macos64_1.1.1.202309131626/tools/bin/../lib/gcc/arm-none-eabi/11.3.1/thumb/v7e-m+fp/hard/crtn.o
OUTPUT(P2_SEMP.elf elf32-littlearm)
LOAD linker stubs
LOAD /Applications/STM32CubeIDE.app/Contents/Eclipse/plugins/com.st.stm32cube.ide.mcu.externaltools.gnu-tools-for-stm32.11.3.rel1.macos64_1.1.1.202309131626/tools/bin/../lib/gcc/arm-none-eabi/11.3.1/../../../../arm-none-eabi/lib/thumb/v7e-m+fp/hard/libc.a
LOAD /Applications/STM32CubeIDE.app/Contents/Eclipse/plugins/com.st.stm32cube.ide.mcu.externaltools.gnu-tools-for-stm32.11.3.rel1.macos64_1.1.1.202309131626/tools/bin/../lib/gcc/arm-none-eabi/11.3.1/../../../../arm-none-eabi/lib/thumb/v7e-m+fp/hard/libm.a
LOAD /Applications/STM32CubeIDE.app/Contents/Eclipse/plugins/com.st.stm32cube.ide.mcu.externaltools.gnu-tools-for-stm32.11.3.rel1.macos64_1.1.1.202309131626/tools/bin/../lib/gcc/arm-none-eabi/11.3.1/thumb/v7e-m+fp/hard/libgcc.a

.comment        0x0000000000000000       0x43
 .comment       0x0000000000000000       0x43 /Applications/STM32CubeIDE.app/Contents/Eclipse/plugins/com.st.stm32cube.ide.mcu.externaltools.gnu-tools-for-stm32.11.3.rel1.macos64_1.1.1.202309131626/tools/bin/../lib/gcc/arm-none-eabi/11.3.1/thumb/v7e-m+fp/hard/crtbegin.o
                                         0x44 (size before relaxing)
 .comment       0x0000000000000043       0x44 ./Components/lsm303agr/lsm303agr.o
 .comment       0x0000000000000043       0x44 ./Components/lsm303dlhc/lsm303dlhc.o
 .comment       0x0000000000000043       0x44 ./Core/Src/fsm.o
 .comment       0x0000000000000043       0x44 ./Core/Src/gpio.o
 .comment       0x0000000000000043       0x44 ./Core/Src/i2c.o
 .comment       0x0000000000000043       0x44 ./Core/Src/i2s.o
 .comment       0x0000000000000043       0x44 ./Core/Src/main.o
 .comment       0x0000000000000043       0x44 ./Core/Src/spi.o
 .comment       0x0000000000000043       0x44 ./Core/Src/stm32f4xx_hal_msp.o
 .comment       0x0000000000000043       0x44 ./Core/Src/stm32f4xx_it.o
 .comment       0x0000000000000043       0x44 ./Core/Src/sysmem.o
 .comment       0x0000000000000043       0x44 ./Core/Src/system_stm32f4xx.o
 .comment       0x0000000000000043       0x44 ./Core/Src/tim.o
 .comment       0x0000000000000043       0x44 ./Drivers/STM32F4xx_HAL_Driver/Src/stm32f4xx_hal.o