../STM32F411E-Discovery/stm32f411e_discovery.c:392:13:SPIx_Init	40	static
../STM32F411E-Discovery/stm32f411e_discovery.c:427:16:SPIx_WriteRead	32	static
../STM32F411E-Discovery/stm32f411e_discovery.c:275:13:I2Cx_Init	48	static
../STM32F411E-Discovery/stm32f411e_discovery.c:321:16:I2Cx_ReadData	32	static
../STM32F411E-Discovery/stm32f411e_discovery.c:301:13:I2Cx_WriteData	32	static
../STM32F411E-Discovery/stm32f411e_discovery.c:140:10:BSP_GetVersion	0	static
../STM32F411E-Discovery/stm32f411e_discovery.c:154:6:BSP_LED_Init	56	static
../STM32F411E-Discovery/stm32f411e_discovery.c:181:6:BSP_LED_On	0	static
../STM32F411E-Discovery/stm32f411e_discovery.c:195:6:BSP_LED_Off	0	static
../STM32F411E-Discovery/stm32f411e_discovery.c:209:6:BSP_LED_Toggle	0	static
../STM32F411E-Discovery/stm32f411e_discovery.c:224:6:BSP_PB_Init	32	static
../STM32F411E-Discovery/stm32f411e_discovery.c:261:10:BSP_PB_GetState	8	static
../STM32F411E-Discovery/stm32f411e_discovery.c:484:6:GYRO_IO_Init	56	static
../STM32F411E-Discovery/stm32f411e_discovery.c:517:6:GYRO_IO_Write	16	static
../STM32F411E-Discovery/stm32f411e_discovery.c:551:6:GYRO_IO_Read	16	static
../STM32F411E-Discovery/stm32f411e_discovery.c:586:6:AUDIO_IO_Init	48	static
../STM32F411E-Discovery/stm32f411e_discovery.c:618:6:AUDIO_IO_DeInit	0	static
../STM32F411E-Discovery/stm32f411e_discovery.c:629:6:AUDIO_IO_Write	0	static
../STM32F411E-Discovery/stm32f411e_discovery.c:640:9:AUDIO_IO_Read	0	static
../STM32F411E-Discovery/stm32f411e_discovery.c:650:6:COMPASSACCELERO_IO_Init	32	static
../STM32F411E-Discovery/stm32f411e_discovery.c:670:6:COMPASSACCELERO_IO_ITConfig	32	static
../STM32F411E-Discovery/stm32f411e_discovery.c:695:6:COMPASSACCELERO_IO_Write	0	static
../STM32F411E-Discovery/stm32f411e_discovery.c:707:9:COMPASSACCELERO_IO_Read	0	static
