../Drivers/CMSIS/Include/core_cm4.h:2064:26:ITM_SendChar	16	static,ignoring_inline_asm
../Core/Src/main.c:152:5:main	8	static
../Core/Src/main.c:275:6:SystemClock_Config	88	static
../Core/Src/main.c:321:13:MX_I2C1_Init	8	static
../Core/Src/main.c:355:13:MX_SPI1_Init	8	static
../Core/Src/main.c:393:13:MX_TIM4_Init	64	static
../Core/Src/main.c:456:13:MX_GPIO_Init	56	static
../Core/Src/main.c:579:5:__io_putchar	16	static
../Core/Src/main.c:584:6:HAL_GPIO_EXTI_Callback	16	static
../Core/Src/main.c:600:6:nothingFunction	16	static
../Core/Src/main.c:619:6:HAL_TIM_PeriodElapsedCallback	16	static
../Core/Src/main.c:636:6:Error_Handler	4	static,ignoring_inline_asm
